// Validating benchmarks:
// ***** BenchmarkRunner: Start   *****
// ***** Found 8 benchmark(s) in total *****
// ***** Building 1 exe(s) in Parallel: Start   *****
// start dotnet  restore --nodeReuse:false /p:UseSharedCompilation=false /p:Deterministic=true /p:Optimize=true /p:ArtifactsPath="C:\Users\com\source\repos\CSharpAssiginment4\CSharpAssiginment4\bin\Release\net10.0\CSharpAssiginment4-DefaultJob-1/" /p:OutDir="C:\Users\com\source\repos\CSharpAssiginment4\CSharpAssiginment4\bin\Release\net10.0\CSharpAssiginment4-DefaultJob-1\bin\Release\net10.0/" /p:OutputPath="C:\Users\com\source\repos\CSharpAssiginment4\CSharpAssiginment4\bin\Release\net10.0\CSharpAssiginment4-DefaultJob-1\bin\Release\net10.0/" /p:PublishDir="C:\Users\com\source\repos\CSharpAssiginment4\CSharpAssiginment4\bin\Release\net10.0\CSharpAssiginment4-DefaultJob-1\publish/" in C:\Users\com\source\repos\CSharpAssiginment4\CSharpAssiginment4\bin\Release\net10.0\CSharpAssiginment4-DefaultJob-1
// command took 2.29 sec and exited with 0
// start dotnet  build -c Release --no-restore --nodeReuse:false /p:UseSharedCompilation=false /p:Deterministic=true /p:Optimize=true /p:ArtifactsPath="C:\Users\com\source\repos\CSharpAssiginment4\CSharpAssiginment4\bin\Release\net10.0\CSharpAssiginment4-DefaultJob-1/" /p:OutDir="C:\Users\com\source\repos\CSharpAssiginment4\CSharpAssiginment4\bin\Release\net10.0\CSharpAssiginment4-DefaultJob-1\bin\Release\net10.0/" /p:OutputPath="C:\Users\com\source\repos\CSharpAssiginment4\CSharpAssiginment4\bin\Release\net10.0\CSharpAssiginment4-DefaultJob-1\bin\Release\net10.0/" /p:PublishDir="C:\Users\com\source\repos\CSharpAssiginment4\CSharpAssiginment4\bin\Release\net10.0\CSharpAssiginment4-DefaultJob-1\publish/" --output "C:\Users\com\source\repos\CSharpAssiginment4\CSharpAssiginment4\bin\Release\net10.0\CSharpAssiginment4-DefaultJob-1\bin\Release\net10.0/" in C:\Users\com\source\repos\CSharpAssiginment4\CSharpAssiginment4\bin\Release\net10.0\CSharpAssiginment4-DefaultJob-1
// command took 6.76 sec and exited with 0
// ***** Done, took 00:00:09 (9.24 sec)   *****
// Found 8 benchmarks:
//   StringBenchmark.StringConcatenation: DefaultJob [Iterations=100]
//   StringBenchmark.StringBuilderConcatenation: DefaultJob [Iterations=100]
//   StringBenchmark.StringConcatenation: DefaultJob [Iterations=1000]
//   StringBenchmark.StringBuilderConcatenation: DefaultJob [Iterations=1000]
//   StringBenchmark.StringConcatenation: DefaultJob [Iterations=10000]
//   StringBenchmark.StringBuilderConcatenation: DefaultJob [Iterations=10000]
//   StringBenchmark.StringConcatenation: DefaultJob [Iterations=100000]
//   StringBenchmark.StringBuilderConcatenation: DefaultJob [Iterations=100000]

Setup power plan (GUID: 8c5e7fda-e8bf-4a96-9a85-a6e23a8c635c FriendlyName: High performance)
// **************************
// Benchmark: StringBenchmark.StringConcatenation: DefaultJob [Iterations=100]
// *** Execute ***
// Launch: 1 / 1
// Execute: dotnet CSharpAssiginment4-DefaultJob-1.dll --anonymousPipes 1560 1500 --benchmarkName "StringBenchmark.StringConcatenation(Iterations: 100)" --job Default --benchmarkId 0 in C:\Users\com\source\repos\CSharpAssiginment4\CSharpAssiginment4\bin\Release\net10.0\CSharpAssiginment4-DefaultJob-1\bin\Release\net10.0
// BeforeAnythingElse

// Benchmark Process Environment Information:
// BenchmarkDotNet v0.15.8
// Runtime=.NET 10.0.12 (10.0.12, 10.0.1226.42308), X64 RyuJIT x86-64-v3
// GC=Concurrent Workstation
// HardwareIntrinsics=AVX2+BMI1+BMI2+F16C+FMA+LZCNT+MOVBE,AVX,SSE3+SSSE3+SSE4.1+SSE4.2+POPCNT,X86Base+SSE+SSE2,AES+PCLMUL VectorSize=256
// Job: DefaultJob

OverheadJitting  1: 1 op, 287400.00 ns, 287.4000 us/op
WorkloadJitting  1: 1 op, 3723200.00 ns, 3.7232 ms/op

OverheadJitting  2: 16 op, 658100.00 ns, 41.1313 us/op
WorkloadJitting  2: 16 op, 23268100.00 ns, 1.4543 ms/op

WorkloadPilot    1: 16 op, 22614400.00 ns, 1.4134 ms/op
WorkloadPilot    2: 32 op, 45247800.00 ns, 1.4140 ms/op
WorkloadPilot    3: 64 op, 83817600.00 ns, 1.3097 ms/op
WorkloadPilot    4: 128 op, 1650855