// Validating benchmarks:
// ***** BenchmarkRunner: Start   *****
// ***** Found 8 benchmark(s) in total *****
// ***** Building 1 exe(s) in Parallel: Start   *****
// start dotnet  restore --nodeReuse:false /p:UseSharedCompilation=false /p:Deterministic=true /p:Optimize=true /p:ArtifactsPath="C:\Users\com\source\repos\CSharpAssiginment4\CSharpAssiginment4\bin\Release\net10.0\CSharpAssiginment4-DefaultJob-1/" /p:OutDir="C:\Users\com\source\repos\CSharpAssiginment4\CSharpAssiginment4\bin\Release\net10.0\CSharpAssiginment4-DefaultJob-1\bin\Release\net10.0/" /p:OutputPath="C:\Users\com\source\repos\CSharpAssiginment4\CSharpAssiginment4\bin\Release\net10.0\CSharpAssiginment4-DefaultJob-1\bin\Release\net10.0/" /p:PublishDir="C:\Users\com\source\repos\CSharpAssiginment4\CSharpAssiginment4\bin\Release\net10.0\CSharpAssiginment4-DefaultJob-1\publish/" in C:\Users\com\source\repos\CSharpAssiginment4\CSharpAssiginment4\bin\Release\net10.0\CSharpAssiginment4-DefaultJob-1
// command took 1.26 sec and exited with 0
// start dotnet  build -c Release --no-restore --nodeReuse:false /p:UseSharedCompilation=false /p:Deterministic=true /p:Optimize=true /p:ArtifactsPath="C:\Users\com\source\repos\CSharpAssiginment4\CSharpAssiginment4\bin\Release\net10.0\CSharpAssiginment4-DefaultJob-1/" /p:OutDir="C:\Users\com\source\repos\CSharpAssiginment4\CSharpAssiginment4\bin\Release\net10.0\CSharpAssiginment4-DefaultJob-1\bin\Release\net10.0/" /p:OutputPath="C:\Users\com\source\repos\CSharpAssiginment4\CSharpAssiginment4\bin\Release\net10.0\CSharpAssiginment4-DefaultJob-1\bin\Release\net10.0/" /p:PublishDir="C:\Users\com\source\repos\CSharpAssiginment4\CSharpAssiginment4\bin\Release\net10.0\CSharpAssiginment4-DefaultJob-1\publish/" --output "C:\Users\com\source\repos\CSharpAssiginment4\CSharpAssiginment4\bin\Release\net10.0\CSharpAssiginment4-DefaultJob-1\bin\Release\net10.0/" in C:\Users\com\source\repos\CSharpAssiginment4\CSharpAssiginment4\bin\Release\net10.0\CSharpAssiginment4-DefaultJob-1
// command took 5.55 sec and exited with 0
// ***** Done, took 00:00:06 (6.93 sec)   *****
// Found 8 benchmarks:
//   StringBenchmark.StringConcatenation: DefaultJob [Iterations=100]
//   StringBenchmark.StringBuilderConcatenation: DefaultJob [Iterations=100]
//   StringBenchmark.StringConcatenation: DefaultJob [Iterations=1000]
//   StringBenchmark.StringBuilderConcatenation: DefaultJob [Iterations=1000]
//   StringBenchmark.StringConcatenation: DefaultJob [Iterations=10000]
//   StringBenchmark.StringBuilderConcatenation: DefaultJob [Iterations=10000]
//   StringBenchmark.StringConcatenation: DefaultJob [Iterations=100000]
//   StringBenchmark.StringBuilderConcatenation: DefaultJob [Iterations=100000]

Setup power plan (GUID: 8c5e7fda-e8bf-4a96-9a85-a6e23a8c635c FriendlyName: High performance)
// **************************
// Benchmark: StringBenchmark.StringConcatenation: DefaultJob [Iterations=100]
// *** Execute ***
// Launch: 1 / 1
// Execute: dotnet CSharpAssiginment4-DefaultJob-1.dll --anonymousPipes 1472 1456 --benchmarkName "StringBenchmark.StringConcatenation(Iterations: 100)" --job Default --benchmarkId 0 in C:\Users\com\source\repos\CSharpAssiginment4\CSharpAssiginment4\bin\Release\net10.0\CSharpAssiginment4-DefaultJob-1\bin\Release\net10.0
// BeforeAnythingElse

// Benchmark Process Environment Information:
// BenchmarkDotNet v0.15.8
// Runtime=.NET 10.0.12 (10.0.12, 10.0.1226.42308), X64 RyuJIT x86-64-v3
// GC=Concurrent Workstation
// HardwareIntrinsics=AVX2+BMI1+BMI2+F16C+FMA+LZCNT+MOVBE,AVX,SSE3+SSSE3+SSE4.1+SSE4.2+POPCNT,X86Base+SSE+SSE2,AES+PCLMUL VectorSize=256
// Job: DefaultJob

OverheadJitting  1: 1 op, 232900.00 ns, 232.9000 us/op
WorkloadJitting  1: 1 op, 4541800.00 ns, 4.5418 ms/op

OverheadJitting  2: 16 op, 865600.00 ns, 54.1000 us/op
WorkloadJitting  2: 16 op, 26009800.00 ns, 1.6256 ms/op

WorkloadPilot    1: 16 op, 28167900.00 ns, 1.7605 ms/op
WorkloadPilot    2: 32 op, 54413400.00 ns, 1.7004 ms/op
WorkloadPilot    3: 64 op, 81057600.00 ns, 1.2665 ms/op
WorkloadPilot    4: 128 op, 164325500.00 ns, 1.2838 ms/op
WorkloadPilot    5: 256 op, 279522200.00 ns, 1.0919 ms/op
WorkloadPilot    6: 512 op, 585089500.00 ns, 1.1428 ms/op

OverheadWarmup   1: 512 op, 4600.00 ns, 8.9844 ns/op
OverheadWarmup   2: 512 op, 4800.00 ns, 9.3750 ns/op
OverheadWarmup   3: 512 op, 2600.00 ns, 5.0781 ns/op
OverheadWarmup   4: 512 op, 2500.00 ns, 4.8828 ns/op
OverheadWarmup   5: 512 op, 2700.00 ns, 5.2734 ns/op
OverheadWarmup   6: 512 op, 2600.00 ns, 5.0781 ns/op

OverheadActual   1: 512 op, 8200.00 ns, 16.0156 ns/op
OverheadActual   2: 512 op, 2900.00 ns, 5.6641 ns/op
OverheadActual   3: 512 op, 2800.00 ns, 5.4688 ns/op
OverheadActual   4: 512 op, 2500.00 ns, 4.8828 ns/op
OverheadActual   5: 512 op, 3400.00 ns, 6.6406 ns/op
OverheadActual   6: 512 op, 2600.00 ns, 5.0781 ns/op
OverheadActual   7: 512 op, 4400.00 ns, 8.5938 ns/op
OverheadActual   8: 512 op, 3800.00 ns, 7.4219 ns/op
OverheadActual   9: 512 op, 2600.00 ns, 5.0781 ns/op
OverheadActual  10: 512 op, 2700.00 ns, 5.2734 ns/op
OverheadActual  11: 512 op, 3400.00 ns, 6.6406 ns/op
OverheadActual  12: 512 op, 3400.00 ns, 6.6406 ns/op
OverheadActual  13: 512 op, 2800.00 ns, 5.4688 ns/op
OverheadActual  14: 512 op, 2600.00 ns, 5.0781 ns/op
OverheadActual  15: 512 op, 3600.00 ns, 7.0313 ns/op
OverheadActual  16: 512 op, 2600.00 ns, 5.0781 ns/op
OverheadActual  17: 512 op, 2600.00 ns, 5.0781 ns/op
OverheadActual  18: 512 op, 4900.00 ns, 9.5703 ns/op
OverheadActual  19: 512 op, 2800.00 ns, 5.4688 ns/op
OverheadActual  20: 512 op, 2600.00 ns, 5.0781 ns/op

WorkloadWarmup   1: 512 op, 630259600.00 ns, 1.2310 ms/op
WorkloadWarmup   2: 512 op, 604720400.00 ns, 1.1811 ms/op
WorkloadWarmup   3: 512 op, 569736700.00 ns, 1.1128 ms/op
WorkloadWarmup   4: 512 op, 570482000.00 ns, 1.1142 ms/op
WorkloadWarmup   5: 512 op, 585891800.00 ns, 1.1443 ms/op
WorkloadWarmup   6: 512 op, 584572200.00 ns, 1.1417 ms/op
WorkloadWarmup   7: 512 op, 704064600.00 ns, 1.3751 ms/op
WorkloadWarmup   8: 512 op, 575902000.00 ns, 1.1248 ms/op

// BeforeActualRun
WorkloadActual   1: 512 op, 588837500.00 ns, 1.1501 ms/op
WorkloadActual   2: 512 op, 1015430100.00 ns, 1.9833 ms/op
WorkloadActual   3: 512 op, 783735000.00 ns, 1.5307 ms/op
WorkloadActual   4: 512 op, 602466500.00 ns, 1.1767 ms/op
WorkloadActual   5: 512 op, 588791100.00 ns, 1.1500 ms/op
WorkloadActual   6: 512 op, 594233300.00 ns, 1.1606 ms/op
WorkloadActual   7: 512 op, 632486800.00 ns, 1.2353 ms/op
WorkloadActual   8: 512 op, 615060500.00 ns, 1.2013 ms/op
WorkloadActual   9: 512 op, 607478200.00 ns, 1.1865 ms/op
WorkloadActual  10: 512 op, 640379300.00 ns, 1.2507 ms/op
WorkloadActual  11: 512 op, 620245600.00 ns, 1.2114 ms/op
WorkloadActual  12: 512 op, 613078500.00 ns, 1.1974 ms/op
WorkloadActual  13: 512 op, 599520500.00 ns, 1.1709 ms/op
WorkloadActual  14: 512 op, 609002900.00 ns, 1.1895 ms/op
WorkloadActual  15: 512 op, 617920600.00 ns, 1.2069 ms/op
WorkloadActual  16: 512 op, 634853100.00 ns, 1.2399 ms/op
WorkloadActual  17: 512 op, 594006700.00 ns, 1.1602 ms/op
WorkloadActual  18: 512 op, 809936800.00 ns, 1.5819 ms/op
WorkloadActual  19: 512 op, 632535300.00 ns, 1.2354 ms/op
WorkloadActual  20: 512 op, 639837200.00 ns, 1.2497 ms/op
WorkloadActual  21: 512 op, 635321500.00 ns, 1.2409 ms/op
WorkloadActual  22: 512 op, 647689000.00 ns, 1.2650 ms/op
WorkloadActual  23: 512 op, 668912300.00 ns, 1.3065 ms/op
WorkloadActual  24: 512 op, 636087800.00 ns, 1.2424 ms/op
WorkloadActual  25: 512 op, 658129600.00 ns, 1.2854 ms/op
WorkloadActual  26: 512 op, 669229500.00 ns, 1.3071 ms/op
WorkloadActual  27: 512 op, 671173900.00 ns, 1.3109 ms/op
WorkloadActual  28: 512 op, 638718900.00 ns, 1.2475 ms/op
WorkloadActual  29: 512 op, 648765900.00 ns, 1.2671 ms/op
WorkloadActual  30: 512 op, 647381300.00 ns, 1.2644 ms/op
WorkloadActual  31: 512 op, 676060200.00 ns, 1.3204 ms/op
WorkloadActual  32: 512 op, 655899200.00 ns, 1.2811 ms/op
WorkloadActual  33: 512 op, 645649300.00 ns, 1.2610 ms/op
WorkloadActual  34: 512 op, 637028000.00 ns, 1.2442 ms/op
WorkloadActual  35: 512 op, 644537700.00 ns, 1.2589 ms/op
WorkloadActual  36: 512 op, 646152600.00 ns, 1.2620 ms/op
WorkloadActual  37: 512 op, 650942800.00 ns, 1.2714 ms/op
WorkloadActual  38: 512 op, 664844900.00 ns, 1.2985 ms/op
WorkloadActual  39: 512 op, 651408700.00 ns, 1.2723 ms/op
WorkloadActual  40: 512 op, 659851400.00 ns, 1.2888 ms/op
WorkloadActual  41: 512 op, 648644900.00 ns, 1.2669 ms/op
WorkloadActual  42: 512 op, 654958200.00 ns, 1.2792 ms/op
WorkloadActual  43: 512 op, 625625100.00 ns, 1.2219 ms/op
WorkloadActual  44: 512 op, 673244400.00 ns, 1.3149 ms/op
WorkloadActual  45: 512 op, 637908500.00 ns, 1.2459 ms/op
WorkloadActual  46: 512 op, 982834100.00 ns, 1.9196 ms/op
WorkloadActual  47: 512 op, 674818400.00 ns, 1.3180 ms/op
WorkloadActual  48: 512 op, 659660000.00 ns, 1.2884 ms/op
WorkloadActual  49: 512 op, 660124200.00 ns, 1.2893 ms/op
WorkloadActual  50: 512 op, 648902300.00 ns, 1.2674 ms/op

// AfterActualRun
WorkloadResult   1: 512 op, 588834700.00 ns, 1.1501 ms/op
WorkloadResult   2: 512 op, 602463700.00 ns, 1.1767 ms/op
WorkloadResult   3: 512 op, 588788300.00 ns, 1.1500 ms/op
WorkloadResult   4: 512 op, 594230500.00 ns, 1.1606 ms/op
WorkloadResult   5: 512 op, 632484000.00 ns, 1.2353 ms/op
WorkloadResult   6: 512 op, 615057700.00 ns, 1.2013 ms/op
WorkloadResult   7: 512 op, 607475400.00 ns, 1.1865 ms/op
WorkloadResult   8: 512 op, 640376500.00 ns, 1.2507 ms/op
WorkloadResult   9: 512 op, 620242800.00 ns, 1.2114 ms/op
WorkloadResult  10: 512 op, 613075700.00 ns, 1.1974 ms/op
WorkloadResult  11: 512 op, 599517700.00 ns, 1.1709 ms/op
WorkloadResult  12: 512 op, 609000100.00 ns, 1.1895 ms/op
WorkloadResult  13: 512 op, 617917800.00 ns, 1.2069 ms/op
WorkloadResult  14: 512 op, 634850300.00 ns, 1.2399 ms/op
WorkloadResult  15: 512 op, 594003900.00 ns, 1.1602 ms/op
WorkloadResult  16: 512 op, 632532500.00 ns, 1.2354 ms/op
WorkloadResult  17: 512 op, 639834400.00 ns, 1.2497 ms/op
WorkloadResult  18: 512 op, 635318700.00 ns, 1.2409 ms/op
WorkloadResult  19: 512 op, 647686200.00 ns, 1.2650 ms/op
WorkloadResult  20: 512 op, 668909500.00 ns, 1.3065 ms/op
WorkloadResult  21: 512 op, 636085000.00 ns, 1.2424 ms/op
WorkloadResult  22: 512 op, 658126800.00 ns, 1.2854 ms/op
WorkloadResult  23: 512 op, 669226700.00 ns, 1.3071 ms/op
WorkloadResult  24: 512 op, 671171100.00 ns, 1.3109 ms/op
WorkloadResult  25: 512 op, 638716100.00 ns, 1.2475 ms/op
WorkloadResult  26: 512 op, 648763100.00 ns, 1.2671 ms/op
WorkloadResult  27: 512 op, 647378500.00 ns, 1.2644 ms/op
WorkloadResult  28: 512 op, 676057400.00 ns, 1.3204 ms/op
WorkloadResult  29: 512 op, 655896400.00 ns, 1.2810 ms/op
WorkloadResult  30: 512 op, 645646500.00 ns, 1.2610 ms/op
WorkloadResult  31: 512 op, 637025200.00 ns, 1.2442 ms/op
WorkloadResult  32: 512 op, 644534900.00 ns, 1.2589 ms/op
WorkloadResult  33: 512 op, 646149800.00 ns, 1.2620 ms/op
WorkloadResult  34: 512 op, 650940000.00 ns, 1.2714 ms/op
WorkloadResult  35: 512 op, 664842100.00 ns, 1.2985 ms/op
WorkloadResult  36: 512 op, 651405900.00 ns, 1.2723 ms/op
WorkloadResult  37: 512 op, 659848600.00 ns, 1.2888 ms/op
WorkloadResult  38: 512 op, 648642100.00 ns, 1.2669 ms/op
WorkloadResult  39: 512 op, 654955400.00 ns, 1.2792 ms/op
WorkloadResult  40: 512 op, 625622300.00 ns, 1.2219 ms/op
WorkloadResult  41: 512 op, 673241600.00 ns, 1.3149 ms/op
WorkloadResult  42: 512 op, 637905700.00 ns, 1.2459 ms/op
WorkloadResult  43: 512 op, 674815600.00 ns, 1.3180 ms/op
WorkloadResult  44: 512 op, 659657200.00 ns, 1.2884 ms/op
WorkloadResult  45: 512 op, 660121400.00 ns, 1.2893 ms/op
WorkloadResult  46: 512 op, 648899500.00 ns, 1.2674 ms/op
// GC:  1956 0 0 8212451328 512
// Threading:  0 0 512

// AfterAll
// Benchmark Process 22384 has exited with code 0.

Mean = 1.247 ms, StdErr = 0.007 ms (0.56%), N = 46, StdDev = 0.047 ms
Min = 1.150 ms, Q1 = 1.214 ms, Median = 1.255 ms, Q3 = 1.281 ms, Max = 1.320 ms
IQR = 0.067 ms, LowerFence = 1.114 ms, UpperFence = 1.380 ms
ConfidenceInterval = [1.222 ms; 1.272 ms] (CI 99.9%), Margin = 0.025 ms (1.98% of Mean)
Skewness = -0.48, Kurtosis = 2.25, MValue = 2

// ** Remained 7 (87.5%) benchmark(s) to run. Estimated finish 2026-09-16 5:16 (0h 4m from now) **
Setup power plan (GUID: 8c5e7fda-e8bf-4a96-9a85-a6e23a8c635c FriendlyName: High performance)
// **************************
// Benchmark: StringBenchmark.StringBuilderConcatenation: DefaultJob [Iterations=100]
// *** Execute ***
// Launch: 1 / 1
// Execute: dotnet CSharpAssiginment4-DefaultJob-1.dll --anonymousPipes 1484 1448 --benchmarkName "StringBenchmark.StringBuilderConcatenation(Iterations: 100)" --job Default --benchmarkId 1 in C:\Users\com\source\repos\CSharpAssiginment4\CSharpAssiginment4\bin\Release\net10.0\CSharpAssiginment4-DefaultJob-1\bin\Release\net10.0
// BeforeAnythingElse

// Benchmark Process Environment Information:
// BenchmarkDotNet v0.15.8
// Runtime=.NET 10.0.12 (10.0.12, 10.0.1226.42308), X64 RyuJIT x86-64-v3
// GC=Concurrent Workstation
// HardwareIntrinsics=AVX2+BMI1+BMI2+F16C+FMA+LZCNT+MOVBE,AVX,SSE3+SSSE3+SSE4.1+SSE4.2+POPCNT,X86Base+SSE+SSE2,AES+PCLMUL VectorSize=256
// Job: DefaultJob

OverheadJitting  1: 1 op, 254200.00 ns, 254.2000 us/op
WorkloadJitting  1: 1 op, 542700.00 ns, 542.7000 us/op

OverheadJitting  2: 16 op, 570200.00 ns, 35.6375 us/op
WorkloadJitting  2: 16 op, 2620300.00 ns, 163.7688 us/op

WorkloadPilot    1: 16 op, 580100.00 ns, 36.2563 us/op
WorkloadPilot    2: 32 op, 962300.00 ns, 30.0719 us/op
WorkloadPilot    3: 64 op, 2104200.00 ns, 32.8781 us/op
WorkloadPilot    4: 128 op, 3016400.00 ns, 23.5656 us/op
WorkloadPilot    5: 256 op, 6438200.00 ns, 25.1492 us/op
WorkloadPilot    6: 512 op, 8680800.00 ns, 16.9547 us/op
WorkloadPilot    7: 1024 op, 20032800.00 ns, 19.5633 us/op
WorkloadPilot    8: 2048 op, 37132000.00 ns, 18.1309 us/op
WorkloadPilot    9: 4096 op, 74748700.00 ns, 18.2492 us/op
WorkloadPilot   10: 8192 op, 147188000.00 ns, 17.9673 us/op
WorkloadPilot   11: 16384 op, 108827100.00 ns, 6.6423 us/op
WorkloadPilot   12: 32768 op, 207466800.00 ns, 6.3314 us/op
WorkloadPilot   13: 65536 op, 416493500.00 ns, 6.3552 us/op
WorkloadPilot   14: 131072 op, 833150200.00 ns, 6.3564 us/op

OverheadWarmup   1: 131072 op, 647600.00 ns, 4.9408 ns/op
OverheadWarmup   2: 131072 op, 690000.00 ns, 5.2643 ns/op
OverheadWarmup   3: 131072 op, 618600.00 ns, 4.7195 ns/op
OverheadWarmup   4: 131072 op, 625600.00 ns, 4.7729 ns/op
OverheadWarmup   5: 131072 op, 625200.00 ns, 4.7699 ns/op

OverheadActual   1: 131072 op, 626800.00 ns, 4.7821 ns/op
OverheadActual   2: 131072 op, 624800.00 ns, 4.7668 ns/op
OverheadActual   3: 131072 op, 619700.00 ns, 4.7279 ns/op
OverheadActual   4: 131072 op, 621000.00 ns, 4.7379 ns/op
OverheadActual   5: 131072 op, 626300.00 ns, 4.7783 ns/op
OverheadActual   6: 131072 op, 625900.00 ns, 4.7752 ns/op
OverheadActual   7: 131072 op, 623200.00 ns, 4.7546 ns/op
OverheadActual   8: 131072 op, 623200.00 ns, 4.7546 ns/op
OverheadActual   9: 131072 op, 622100.00 ns, 4.7462 ns/op
OverheadActual  10: 131072 op, 625600.00 ns, 4.7729 ns/op
OverheadActual  11: 131072 op, 653600.00 ns, 4.9866 ns/op
OverheadActual  12: 131072 op, 629900.00 ns, 4.8058 ns/op
OverheadActual  13: 131072 op, 777600.00 ns, 5.9326 ns/op
OverheadActual  14: 131072 op, 907000.00 ns, 6.9199 ns/op
OverheadActual  15: 131072 op, 1387800.00 ns, 10.5881 ns/op

WorkloadWarmup   1: 131072 op, 857410900.00 ns, 6.5415 us/op
WorkloadWarmup   2: 131072 op, 816977300.00 ns, 6.2330 us/op
WorkloadWarmup   3: 131072 op, 828640300.00 ns, 6.3220 us/op
WorkloadWarmup   4: 131072 op, 1012701000.00 ns, 7.7263 us/op
WorkloadWarmup   5: 131072 op, 809127800.00 ns, 6.1732 us/op
WorkloadWarmup   6: 131072 op, 815001400.00 ns, 6.2180 us/op
WorkloadWarmup   7: 131072 op, 796601700.00 ns, 6.0776 us/op

// BeforeActualRun
WorkloadActual   1: 131072 op, 807036500.00 ns, 6.1572 us/op
WorkloadActual   2: 131072 op, 793574400.00 ns, 6.0545 us/op
WorkloadActual   3: 131072 op, 766444600.00 ns, 5.8475 us/op
WorkloadActual   4: 131072 op, 834133600.00 ns, 6.3639 us/op
WorkloadActual   5: 131072 op, 763118100.00 ns, 5.8221 us/op
WorkloadActual   6: 131072 op, 786210200.00 ns, 5.9983 us/op
WorkloadActual   7: 131072 op, 755907800.00 ns, 5.7671 us/op
WorkloadActual   8: 131072 op, 736837600.00 ns, 5.6216 us/op
WorkloadActual   9: 131072 op, 746457500.00 ns, 5.6950 us/op
WorkloadActual  10: 131072 op, 727121600.00 ns, 5.5475 us/op
WorkloadActual  11: 131072 op, 759535800.00 ns, 5.7948 us/op
WorkloadActual  12: 131072 op, 722388800.00 ns, 5.5114 us/op
WorkloadActual  13: 131072 op, 712160000.00 ns, 5.4333 us/op
WorkloadActual  14: 131072 op, 699223900.00 ns, 5.3347 us/op
WorkloadActual  15: 131072 op, 688774300.00 ns, 5.2549 us/op
WorkloadActual  16: 131072 op, 689481100.00 ns, 5.2603 us/op
WorkloadActual  17: 131072 op, 723062100.00 ns, 5.5165 us/op
WorkloadActual  18: 131072 op, 666358500.00 ns, 5.0839 us/op
WorkloadActual  19: 131072 op, 690554200.00 ns, 5.2685 us/op
WorkloadActual  20: 131072 op, 677933700.00 ns, 5.1722 us/op
WorkloadActual  21: 131072 op, 679656100.00 ns, 5.1854 us/op
WorkloadActual  22: 131072 op, 683151600.00 ns, 5.2120 us/op
WorkloadActual  23: 131072 op, 671792500.00 ns, 5.1254 us/op
WorkloadActual  24: 131072 op, 675344800.00 ns, 5.1525 us/op
WorkloadActual  25: 131072 op, 667345400.00 ns, 5.0914 us/op
WorkloadActual  26: 131072 op, 669759100.00 ns, 5.1099 us/op
WorkloadActual  27: 131072 op, 687360100.00 ns, 5.2441 us/op
WorkloadActual  28: 131072 op, 686493400.00 ns, 5.2375 us/op
WorkloadActual  29: 131072 op, 724338600.00 ns, 5.5263 us/op
WorkloadActual  30: 131072 op, 663737200.00 ns, 5.0639 us/op
WorkloadActual  31: 131072 op, 709082900.00 ns, 5.4099 us/op
WorkloadActual  32: 131072 op, 687417400.00 ns, 5.2446 us/op
WorkloadActual  33: 131072 op, 684385000.00 ns, 5.2214 us/op
WorkloadActual  34: 131072 op, 687796700.00 ns, 5.2475 us/op
WorkloadActual  35: 131072 op, 693449600.00 ns, 5.2906 us/op
WorkloadActual  36: 131072 op, 717192600.00 ns, 5.4717 us/op
WorkloadActual  37: 131072 op, 710839500.00 ns, 5.4233 us/op
WorkloadActual  38: 131072 op, 706055200.00 ns, 5.3868 us/op
WorkloadActual  39: 131072 op, 722023900.00 ns, 5.5086 us/op
WorkloadActual  40: 131072 op, 769879400.00 ns, 5.8737 us/op
WorkloadActual  41: 131072 op, 719127400.00 ns, 5.4865 us/op
WorkloadActual  42: 131072 op, 705532200.00 ns, 5.3828 us/op
WorkloadActual  43: 131072 op, 728506900.00 ns, 5.5581 us/op
WorkloadActual  44: 131072 op, 703032200.00 ns, 5.3637 us/op
WorkloadActual  45: 131072 op, 708481400.00 ns, 5.4053 us/op
WorkloadActual  46: 131072 op, 722681800.00 ns, 5.5136 us/op
WorkloadActual  47: 131072 op, 720999800.00 ns, 5.5008 us/op
WorkloadActual  48: 131072 op, 719850700.00 ns, 5.4920 us/op
WorkloadActual  49: 131072 op, 713198400.00 ns, 5.4413 us/op
WorkloadActual  50: 131072 op, 719138700.00 ns, 5.4866 us/op
WorkloadActual  51: 131072 op, 715710800.00 ns, 5.4604 us/op
WorkloadActual  52: 131072 op, 733201000.00 ns, 5.5939 us/op
WorkloadActual  53: 131072 op, 743398500.00 ns, 5.6717 us/op
WorkloadActual  54: 131072 op, 750245400.00 ns, 5.7239 us/op
WorkloadActual  55: 131072 op, 719350800.00 ns, 5.4882 us/op
WorkloadActual  56: 131072 op, 732369000.00 ns, 5.5875 us/op
WorkloadActual  57: 131072 op, 742496900.00 ns, 5.6648 us/op
WorkloadActual  58: 131072 op, 772305000.00 ns, 5.8922 us/op
WorkloadActual  59: 131072 op, 761231000.00 ns, 5.8077 us/op
WorkloadActual  60: 131072 op, 753138400.00 ns, 5.7460 us/op
WorkloadActual  61: 131072 op, 805979800.00 ns, 6.1491 us/op
WorkloadActual  62: 131072 op, 783870100.00 ns, 5.9805 us/op
WorkloadActual  63: 131072 op, 800420300.00 ns, 6.1067 us/op
WorkloadActual  64: 131072 op, 756395700.00 ns, 5.7708 us/op
WorkloadActual  65: 131072 op, 749783600.00 ns, 5.7204 us/op
WorkloadActual  66: 131072 op, 807271300.00 ns, 6.1590 us/op
WorkloadActual  67: 131072 op, 786910000.00 ns, 6.0036 us/op
WorkloadActual  68: 131072 op, 796932600.00 ns, 6.0801 us/op
WorkloadActual  69: 131072 op, 781171100.00 ns, 5.9599 us/op
WorkloadActual  70: 131072 op, 782040500.00 ns, 5.9665 us/op
WorkloadActual  71: 131072 op, 774847100.00 ns, 5.9116 us/op
WorkloadActual  72: 131072 op, 774006200.00 ns, 5.9052 us/op
WorkloadActual  73: 131072 op, 782986500.00 ns, 5.9737 us/op
WorkloadActual  74: 131072 op, 759528900.00 ns, 5.7947 us/op
WorkloadActual  75: 131072 op, 786044400.00 ns, 5.9970 us/op
WorkloadActual  76: 131072 op, 756634400.00 ns, 5.7727 us/op
WorkloadActual  77: 131072 op, 733997400.00 ns, 5.6000 us/op
WorkloadActual  78: 131072 op, 723830500.00 ns, 5.5224 us/op
WorkloadActual  79: 131072 op, 798971100.00 ns, 6.0957 us/op
WorkloadActual  80: 131072 op, 751241700.00 ns, 5.7315 us/op
WorkloadActual  81: 131072 op, 734127200.00 ns, 5.6009 us/op
WorkloadActual  82: 131072 op, 739104300.00 ns, 5.6389 us/op
WorkloadActual  83: 131072 op, 713082200.00 ns, 5.4404 us/op
WorkloadActual  84: 131072 op, 696183100.00 ns, 5.3115 us/op
WorkloadActual  85: 131072 op, 737647700.00 ns, 5.6278 us/op
WorkloadActual  86: 131072 op, 778575300.00 ns, 5.9401 us/op
WorkloadActual  87: 131072 op, 821971900.00 ns, 6.2711 us/op
WorkloadActual  88: 131072 op, 691553200.00 ns, 5.2761 us/op
WorkloadActual  89: 131072 op, 705178700.00 ns, 5.3801 us/op
WorkloadActual  90: 131072 op, 682548400.00 ns, 5.2074 us/op
WorkloadActual  91: 131072 op, 661606300.00 ns, 5.0477 us/op
WorkloadActual  92: 131072 op, 672885000.00 ns, 5.1337 us/op
WorkloadActual  93: 131072 op, 671522200.00 ns, 5.1233 us/op
WorkloadActual  94: 131072 op, 673278300.00 ns, 5.1367 us/op
WorkloadActual  95: 131072 op, 667831400.00 ns, 5.0951 us/op
WorkloadActual  96: 131072 op, 693868600.00 ns, 5.2938 us/op
WorkloadActual  97: 131072 op, 686954300.00 ns, 5.2410 us/op
WorkloadActual  98: 131072 op, 691333400.00 ns, 5.2745 us/op
WorkloadActual  99: 131072 op, 693082300.00 ns, 5.2878 us/op

// AfterActualRun
WorkloadResult   1: 131072 op, 806410600.00 ns, 6.1524 us/op
WorkloadResult   2: 131072 op, 792948500.00 ns, 6.0497 us/op
WorkloadResult   3: 131072 op, 765818700.00 ns, 5.8427 us/op
WorkloadResult   4: 131072 op, 833507700.00 ns, 6.3592 us/op
WorkloadResult   5: 131072 op, 762492200.00 ns, 5.8174 us/op
WorkloadResult   6: 131072 op, 785584300.00 ns, 5.9935 us/op
WorkloadResult   7: 131072 op, 755281900.00 ns, 5.7623 us/op
WorkloadResult   8: 131072 op, 736211700.00 ns, 5.6168 us/op
WorkloadResult   9: 131072 op, 745831600.00 ns, 5.6902 us/op
WorkloadResult  10: 131072 op, 726495700.00 ns, 5.5427 us/op
WorkloadResult  11: 131072 op, 758909900.00 ns, 5.7900 us/op
WorkloadResult  12: 131072 op, 721762900.00 ns, 5.5066 us/op
WorkloadResult  13: 131072 op, 711534100.00 ns, 5.4286 us/op
WorkloadResult  14: 131072 op, 698598000.00 ns, 5.3299 us/op
WorkloadResult  15: 131072 op, 688148400.00 ns, 5.2502 us/op
WorkloadResult  16: 131072 op, 688855200.00 ns, 5.2555 us/op
WorkloadResult  17: 131072 op, 722436200.00 ns, 5.5118 us/op
WorkloadResult  18: 131072 op, 665732600.00 ns, 5.0791 us/op
WorkloadResult  19: 131072 op, 689928300.00 ns, 5.2637 us/op
WorkloadResult  20: 131072 op, 677307800.00 ns, 5.1674 us/op
WorkloadResult  21: 131072 op, 679030200.00 ns, 5.1806 us/op
WorkloadResult  22: 131072 op, 682525700.00 ns, 5.2073 us/op
WorkloadResult  23: 131072 op, 671166600.00 ns, 5.1206 us/op
WorkloadResult  24: 131072 op, 674718900.00 ns, 5.1477 us/op
WorkloadResult  25: 131072 op, 666719500.00 ns, 5.0867 us/op
WorkloadResult  26: 131072 op, 669133200.00 ns, 5.1051 us/op
WorkloadResult  27: 131072 op, 686734200.00 ns, 5.2394 us/op
WorkloadResult  28: 131072 op, 685867500.00 ns, 5.2328 us/op
WorkloadResult  29: 131072 op, 723712700.00 ns, 5.5215 us/op
WorkloadResult  30: 131072 op, 663111300.00 ns, 5.0591 us/op
WorkloadResult  31: 131072 op, 708457000.00 ns, 5.4051 us/op
WorkloadResult  32: 131072 op, 686791500.00 ns, 5.2398 us/op
WorkloadResult  33: 131072 op, 683759100.00 ns, 5.2167 us/op
WorkloadResult  34: 131072 op, 687170800.00 ns, 5.2427 us/op
WorkloadResult  35: 131072 op, 692823700.00 ns, 5.2858 us/op
WorkloadResult  36: 131072 op, 716566700.00 ns, 5.4670 us/op
WorkloadResult  37: 131072 op, 710213600.00 ns, 5.4185 us/op
WorkloadResult  38: 131072 op, 705429300.00 ns, 5.3820 us/op
WorkloadResult  39: 131072 op, 721398000.00 ns, 5.5038 us/op
WorkloadResult  40: 131072 op, 769253500.00 ns, 5.8689 us/op
WorkloadResult  41: 131072 op, 718501500.00 ns, 5.4817 us/op
WorkloadResult  42: 131072 op, 704906300.00 ns, 5.3780 us/op
WorkloadResult  43: 131072 op, 727881000.00 ns, 5.5533 us/op
WorkloadResult  44: 131072 op, 702406300.00 ns, 5.3589 us/op
WorkloadResult  45: 131072 op, 707855500.00 ns, 5.4005 us/op
WorkloadResult  46: 131072 op, 722055900.00 ns, 5.5088 us/op
WorkloadResult  47: 131072 op, 720373900.00 ns, 5.4960 us/op
WorkloadResult  48: 131072 op, 719224800.00 ns, 5.4872 us/op
WorkloadResult  49: 131072 op, 712572500.00 ns, 5.4365 us/op
WorkloadResult  50: 131072 op, 718512800.00 ns, 5.4818 us/op
WorkloadResult  51: 131072 op, 715084900.00 ns, 5.4557 us/op
WorkloadResult  52: 131072 op, 732575100.00 ns, 5.5891 us/op
WorkloadResult  53: 131072 op, 742772600.00 ns, 5.6669 us/op
WorkloadResult  54: 131072 op, 749619500.00 ns, 5.7191 us/op
WorkloadResult  55: 131072 op, 718724900.00 ns, 5.4834 us/op
WorkloadResult  56: 131072 op, 731743100.00 ns, 5.5828 us/op
WorkloadResult  57: 131072 op, 741871000.00 ns, 5.6600 us/op
WorkloadResult  58: 131072 op, 771679100.00 ns, 5.8874 us/op
WorkloadResult  59: 131072 op, 760605100.00 ns, 5.8030 us/op
WorkloadResult  60: 131072 op, 752512500.00 ns, 5.7412 us/op
WorkloadResult  61: 131072 op, 805353900.00 ns, 6.1444 us/op
WorkloadResult  62: 131072 op, 783244200.00 ns, 5.9757 us/op
WorkloadResult  63: 131072 op, 799794400.00 ns, 6.1019 us/op
WorkloadResult  64: 131072 op, 755769800.00 ns, 5.7661 us/op
WorkloadResult  65: 131072 op, 749157700.00 ns, 5.7156 us/op
WorkloadResult  66: 131072 op, 806645400.00 ns, 6.1542 us/op
WorkloadResult  67: 131072 op, 786284100.00 ns, 5.9989 us/op
WorkloadResult  68: 131072 op, 796306700.00 ns, 6.0753 us/op
WorkloadResult  69: 131072 op, 780545200.00 ns, 5.9551 us/op
WorkloadResult  70: 131072 op, 781414600.00 ns, 5.9617 us/op
WorkloadResult  71: 131072 op, 774221200.00 ns, 5.9068 us/op
WorkloadResult  72: 131072 op, 773380300.00 ns, 5.9004 us/op
WorkloadResult  73: 131072 op, 782360600.00 ns, 5.9689 us/op
WorkloadResult  74: 131072 op, 758903000.00 ns, 5.7900 us/op
WorkloadResult  75: 131072 op, 785418500.00 ns, 5.9923 us/op
WorkloadResult  76: 131072 op, 756008500.00 ns, 5.7679 us/op
WorkloadResult  77: 131072 op, 733371500.00 ns, 5.5952 us/op
WorkloadResult  78: 131072 op, 723204600.00 ns, 5.5176 us/op
WorkloadResult  79: 131072 op, 798345200.00 ns, 6.0909 us/op
WorkloadResult  80: 131072 op, 750615800.00 ns, 5.7267 us/op
WorkloadResult  81: 131072 op, 733501300.00 ns, 5.5962 us/op
WorkloadResult  82: 131072 op, 738478400.00 ns, 5.6341 us/op
WorkloadResult  83: 131072 op, 712456300.00 ns, 5.4356 us/op
WorkloadResult  84: 131072 op, 695557200.00 ns, 5.3067 us/op
WorkloadResult  85: 131072 op, 737021800.00 ns, 5.6230 us/op
WorkloadResult  86: 131072 op, 777949400.00 ns, 5.9353 us/op
WorkloadResult  87: 131072 op, 821346000.00 ns, 6.2664 us/op
WorkloadResult  88: 131072 op, 690927300.00 ns, 5.2714 us/op
WorkloadResult  89: 131072 op, 704552800.00 ns, 5.3753 us/op
WorkloadResult  90: 131072 op, 681922500.00 ns, 5.2027 us/op
WorkloadResult  91: 131072 op, 660980400.00 ns, 5.0429 us/op
WorkloadResult  92: 131072 op, 672259100.00 ns, 5.1289 us/op
WorkloadResult  93: 131072 op, 670896300.00 ns, 5.1185 us/op
WorkloadResult  94: 131072 op, 672652400.00 ns, 5.1319 us/op
WorkloadResult  95: 131072 op, 667205500.00 ns, 5.0904 us/op
WorkloadResult  96: 131072 op, 693242700.00 ns, 5.2890 us/op
WorkloadResult  97: 131072 op, 686328400.00 ns, 5.2363 us/op
WorkloadResult  98: 131072 op, 690707500.00 ns, 5.2697 us/op
WorkloadResult  99: 131072 op, 692456400.00 ns, 5.2830 us/op
// GC:  2037 169 0 8545894400 131072
// Threading:  0 0 131072

// AfterAll
// Benchmark Process 14404 has exited with code 0.

Mean = 5.554 μs, StdErr = 0.033 μs (0.59%), N = 99, StdDev = 0.324 μs
Min = 5.043 μs, Q1 = 5.271 μs, Median = 5.507 μs, Q3 = 5.790 μs, Max = 6.359 μs
IQR = 0.519 μs, LowerFence = 4.491 μs, UpperFence = 6.569 μs
ConfidenceInterval = [5.444 μs; 5.665 μs] (CI 99.9%), Margin = 0.110 μs (1.99% of Mean)
Skewness = 0.39, Kurtosis = 2.18, MValue = 2

// ** Remained 6 (75.0%) benchmark(s) to run. Estimated finish 2026-09-16 5:18 (0h 6m from now) **
Setup power plan (GUID: 8c5e7fda-e8bf-4a96-9a85-a6e23a8c635c FriendlyName: High performance)
// **************************
// Benchmark: StringBenchmark.StringConcatenation: DefaultJob [Iterations=1000]
// *** Execute ***
// Launch: 1 / 1
// Execute: dotnet CSharpAssiginment4-DefaultJob-1.dll --anonymousPipes 664 656 --benchmarkName "StringBenchmark.StringConcatenation(Iterations: 1000)" --job Default --benchmarkId 2 in C:\Users\com\source\repos\CSharpAssiginment4\CSharpAssiginment4\bin\Release\net10.0\CSharpAssiginment4-DefaultJob-1\bin\Release\net10.0
// BeforeAnythingElse

// Benchmark Process Environment Information:
// BenchmarkDotNet v0.15.8
// Runtime=.NET 10.0.12 (10.0.12, 10.0.1226.42308), X64 RyuJIT x86-64-v3
// GC=Concurrent Workstation
// HardwareIntrinsics=AVX2+BMI1+BMI2+F16C+FMA+LZCNT+MOVBE,AVX,SSE3+SSSE3+SSE4.1+SSE4.2+POPCNT,X86Base+SSE+SSE2,AES+PCLMUL VectorSize=256
// Job: DefaultJob

OverheadJitting  1: 1 op, 237000.00 ns, 237.0000 us/op
WorkloadJitting  1: 1 op, 3517000.00 ns, 3.5170 ms/op

OverheadJitting  2: 16 op, 737600.00 ns, 46.1000 us/op
WorkloadJitting  2: 16 op, 22887100.00 ns, 1.4304 ms/op

WorkloadPilot    1: 16 op, 19636100.00 ns, 1.2273 ms/op
WorkloadPilot    2: 32 op, 36544600.00 ns, 1.1420 ms/op
WorkloadPilot    3: 64 op, 89832000.00 ns, 1.4036 ms/op
WorkloadPilot    4: 128 op, 139041000.00 ns, 1.0863 ms/op
WorkloadPilot    5: 256 op, 261436800.00 ns, 1.0212 ms/op
WorkloadPilot    6: 512 op, 520429200.00 ns, 1.0165 ms/op

OverheadWarmup   1: 512 op, 4000.00 ns, 7.8125 ns/op
OverheadWarmup   2: 512 op, 2400.00 ns, 4.6875 ns/op
OverheadWarmup   3: 512 op, 2500.00 ns, 4.8828 ns/op
OverheadWarmup   4: 512 op, 2600.00 ns, 5.0781 ns/op
OverheadWarmup   5: 512 op, 2400.00 ns, 4.6875 ns/op
OverheadWarmup   6: 512 op, 2400.00 ns, 4.6875 ns/op
OverheadWarmup   7: 512 op, 2400.00 ns, 4.6875 ns/op

OverheadActual   1: 512 op, 2600.00 ns, 5.0781 ns/op
OverheadActual   2: 512 op, 2600.00 ns, 5.0781 ns/op
OverheadActual   3: 512 op, 2400.00 ns, 4.6875 ns/op
OverheadActual   4: 512 op, 2400.00 ns, 4.6875 ns/op
OverheadActual   5: 512 op, 2400.00 ns, 4.6875 ns/op
OverheadActual   6: 512 op, 2400.00 ns, 4.6875 ns/op
OverheadActual   7: 512 op, 2500.00 ns, 4.8828 ns/op
OverheadActual   8: 512 op, 2300.00 ns, 4.4922 ns/op
OverheadActual   9: 512 op, 2400.00 ns, 4.6875 ns/op
OverheadActual  10: 512 op, 2400.00 ns, 4.6875 ns/op
OverheadActual  11: 512 op, 2400.00 ns, 4.6875 ns/op
OverheadActual  12: 512 op, 2400.00 ns, 4.6875 ns/op
OverheadActual  13: 512 op, 2300.00 ns, 4.4922 ns/op
OverheadActual  14: 512 op, 2800.00 ns, 5.4688 ns/op
OverheadActual  15: 512 op, 2400.00 ns, 4.6875 ns/op

WorkloadWarmup   1: 512 op, 559628200.00 ns, 1.0930 ms/op
WorkloadWarmup   2: 512 op, 521897200.00 ns, 1.0193 ms/op
WorkloadWarmup   3: 512 op, 526808000.00 ns, 1.0289 ms/op
WorkloadWarmup   4: 512 op, 522901100.00 ns, 1.0213 ms/op
WorkloadWarmup   5: 512 op, 516432500.00 ns, 1.0087 ms/op
WorkloadWarmup   6: 512 op, 513521700.00 ns, 1.0030 ms/op
WorkloadWarmup   7: 512 op, 528627600.00 ns, 1.0325 ms/op
WorkloadWarmup   8: 512 op, 517808900.00 ns, 1.0113 ms/op

// BeforeActualRun
WorkloadActual   1: 512 op, 533018400.00 ns, 1.0411 ms/op
WorkloadActual   2: 512 op, 512915300.00 ns, 1.0018 ms/op
WorkloadActual   3: 512 op, 544432500.00 ns, 1.0633 ms/op
WorkloadActual   4: 512 op, 531655500.00 ns, 1.0384 ms/op
WorkloadActual   5: 512 op, 525194200.00 ns, 1.0258 ms/op
WorkloadActual   6: 512 op, 520593800.00 ns, 1.0168 ms/op
WorkloadActual   7: 512 op, 530411000.00 ns, 1.0360 ms/op
WorkloadActual   8: 512 op, 544440200.00 ns, 1.0634 ms/op
WorkloadActual   9: 512 op, 550560000.00 ns, 1.0753 ms/op
WorkloadActual  10: 512 op, 546868900.00 ns, 1.0681 ms/op
WorkloadActual  11: 512 op, 563946200.00 ns, 1.1015 ms/op
WorkloadActual  12: 512 op, 527064800.00 ns, 1.0294 ms/op
WorkloadActual  13: 512 op, 551259300.00 ns, 1.0767 ms/op
WorkloadActual  14: 512 op, 575553900.00 ns, 1.1241 ms/op
WorkloadActual  15: 512 op, 538258600.00 ns, 1.0513 ms/op
WorkloadActual  16: 512 op, 538238900.00 ns, 1.0512 ms/op
WorkloadActual  17: 512 op, 559134700.00 ns, 1.0921 ms/op
WorkloadActual  18: 512 op, 553985300.00 ns, 1.0820 ms/op
WorkloadActual  19: 512 op, 561490400.00 ns, 1.0967 ms/op
WorkloadActual  20: 512 op, 552362500.00 ns, 1.0788 ms/op
WorkloadActual  21: 512 op, 552930600.00 ns, 1.0799 ms/op
WorkloadActual  22: 512 op, 572156300.00 ns, 1.1175 ms/op
WorkloadActual  23: 512 op, 559055500.00 ns, 1.0919 ms/op
WorkloadActual  24: 512 op, 558318100.00 ns, 1.0905 ms/op
WorkloadActual  25: 512 op, 565862100.00 ns, 1.1052 ms/op
WorkloadActual  26: 512 op, 567265900.00 ns, 1.1079 ms/op
WorkloadActual  27: 512 op, 560608800.00 ns, 1.0949 ms/op
WorkloadActual  28: 512 op, 624643200.00 ns, 1.2200 ms/op
WorkloadActual  29: 512 op, 576093900.00 ns, 1.1252 ms/op
WorkloadActual  30: 512 op, 575260200.00 ns, 1.1236 ms/op
WorkloadActual  31: 512 op, 576003600.00 ns, 1.1250 ms/op
WorkloadActual  32: 512 op, 568409400.00 ns, 1.1102 ms/op
WorkloadActual  33: 512 op, 596886500.00 ns, 1.1658 ms/op
WorkloadActual  34: 512 op, 609841900.00 ns, 1.1911 ms/op
WorkloadActual  35: 512 op, 617266700.00 ns, 1.2056 ms/op
WorkloadActual  36: 512 op, 593370500.00 ns, 1.1589 ms/op
WorkloadActual  37: 512 op, 583170000.00 ns, 1.1390 ms/op
WorkloadActual  38: 512 op, 599868600.00 ns, 1.1716 ms/op
WorkloadActual  39: 512 op, 589569400.00 ns, 1.1515 ms/op
WorkloadActual  40: 512 op, 589398500.00 ns, 1.1512 ms/op
WorkloadActual  41: 512 op, 594088500.00 ns, 1.1603 ms/op
WorkloadActual  42: 512 op, 600438300.00 ns, 1.1727 ms/op
WorkloadActual  43: 512 op, 594876800.00 ns, 1.1619 ms/op
WorkloadActual  44: 512 op, 595633100.00 ns, 1.1633 ms/op
WorkloadActual  45: 512 op, 584351300.00 ns, 1.1413 ms/op
WorkloadActual  46: 512 op, 586336200.00 ns, 1.1452 ms/op
WorkloadActual  47: 512 op, 578212100.00 ns, 1.1293 ms/op
WorkloadActual  48: 512 op, 567837000.00 ns, 1.1091 ms/op
WorkloadActual  49: 512 op, 587082300.00 ns, 1.1466 ms/op
WorkloadActual  50: 512 op, 555062000.00 ns, 1.0841 ms/op
WorkloadActual  51: 512 op, 586255400.00 ns, 1.1450 ms/op
WorkloadActual  52: 512 op, 566102300.00 ns, 1.1057 ms/op
WorkloadActual  53: 512 op, 541964700.00 ns, 1.0585 ms/op
WorkloadActual  54: 512 op, 557522200.00 ns, 1.0889 ms/op
WorkloadActual  55: 512 op, 550122400.00 ns, 1.0745 ms/op
WorkloadActual  56: 512 op, 547270500.00 ns, 1.0689 ms/op
WorkloadActual  57: 512 op, 557957000.00 ns, 1.0898 ms/op
WorkloadActual  58: 512 op, 533496200.00 ns, 1.0420 ms/op
WorkloadActual  59: 512 op, 543033300.00 ns, 1.0606 ms/op
WorkloadActual  60: 512 op, 539228000.00 ns, 1.0532 ms/op

// AfterActualRun
WorkloadResult   1: 512 op, 533016000.00 ns, 1.0410 ms/op
WorkloadResult   2: 512 op, 512912900.00 ns, 1.0018 ms/op
WorkloadResult   3: 512 op, 544430100.00 ns, 1.0633 ms/op
WorkloadResult   4: 512 op, 531653100.00 ns, 1.0384 ms/op
WorkloadResult   5: 512 op, 525191800.00 ns, 1.0258 ms/op
WorkloadResult   6: 512 op, 520591400.00 ns, 1.0168 ms/op
WorkloadResult   7: 512 op, 530408600.00 ns, 1.0360 ms/op
WorkloadResult   8: 512 op, 544437800.00 ns, 1.0634 ms/op
WorkloadResult   9: 512 op, 550557600.00 ns, 1.0753 ms/op
WorkloadResult  10: 512 op, 546866500.00 ns, 1.0681 ms/op
WorkloadResult  11: 512 op, 563943800.00 ns, 1.1015 ms/op
WorkloadResult  12: 512 op, 527062400.00 ns, 1.0294 ms/op
WorkloadResult  13: 512 op, 551256900.00 ns, 1.0767 ms/op
WorkloadResult  14: 512 op, 575551500.00 ns, 1.1241 ms/op
WorkloadResult  15: 512 op, 538256200.00 ns, 1.0513 ms/op
WorkloadResult  16: 512 op, 538236500.00 ns, 1.0512 ms/op
WorkloadResult  17: 512 op, 559132300.00 ns, 1.0921 ms/op
WorkloadResult  18: 512 op, 553982900.00 ns, 1.0820 ms/op
WorkloadResult  19: 512 op, 561488000.00 ns, 1.0967 ms/op
WorkloadResult  20: 512 op, 552360100.00 ns, 1.0788 ms/op
WorkloadResult  21: 512 op, 552928200.00 ns, 1.0799 ms/op
WorkloadResult  22: 512 op, 572153900.00 ns, 1.1175 ms/op
WorkloadResult  23: 512 op, 559053100.00 ns, 1.0919 ms/op
WorkloadResult  24: 512 op, 558315700.00 ns, 1.0905 ms/op
WorkloadResult  25: 512 op, 565859700.00 ns, 1.1052 ms/op
WorkloadResult  26: 512 op, 567263500.00 ns, 1.1079 ms/op
WorkloadResult  27: 512 op, 560606400.00 ns, 1.0949 ms/op
WorkloadResult  28: 512 op, 624640800.00 ns, 1.2200 ms/op
WorkloadResult  29: 512 op, 576091500.00 ns, 1.1252 ms/op
WorkloadResult  30: 512 op, 575257800.00 ns, 1.1236 ms/op
WorkloadResult  31: 512 op, 576001200.00 ns, 1.1250 ms/op
WorkloadResult  32: 512 op, 568407000.00 ns, 1.1102 ms/op
WorkloadResult  33: 512 op, 596884100.00 ns, 1.1658 ms/op
WorkloadResult  34: 512 op, 609839500.00 ns, 1.1911 ms/op
WorkloadResult  35: 512 op, 617264300.00 ns, 1.2056 ms/op
WorkloadResult  36: 512 op, 593368100.00 ns, 1.1589 ms/op
WorkloadResult  37: 512 op, 583167600.00 ns, 1.1390 ms/op
WorkloadResult  38: 512 op, 599866200.00 ns, 1.1716 ms/op
WorkloadResult  39: 512 op, 589567000.00 ns, 1.1515 ms/op
WorkloadResult  40: 512 op, 589396100.00 ns, 1.1512 ms/op
WorkloadResult  41: 512 op, 594086100.00 ns, 1.1603 ms/op
WorkloadResult  42: 512 op, 600435900.00 ns, 1.1727 ms/op
WorkloadResult  43: 512 op, 594874400.00 ns, 1.1619 ms/op
WorkloadResult  44: 512 op, 595630700.00 ns, 1.1633 ms/op
WorkloadResult  45: 512 op, 584348900.00 ns, 1.1413 ms/op
WorkloadResult  46: 512 op, 586333800.00 ns, 1.1452 ms/op
WorkloadResult  47: 512 op, 578209700.00 ns, 1.1293 ms/op
WorkloadResult  48: 512 op, 567834600.00 ns, 1.1091 ms/op
WorkloadResult  49: 512 op, 587079900.00 ns, 1.1466 ms/op
WorkloadResult  50: 512 op, 555059600.00 ns, 1.0841 ms/op
WorkloadResult  51: 512 op, 586253000.00 ns, 1.1450 ms/op
WorkloadResult  52: 512 op, 566099900.00 ns, 1.1057 ms/op
WorkloadResult  53: 512 op, 541962300.00 ns, 1.0585 ms/op
WorkloadResult  54: 512 op, 557519800.00 ns, 1.0889 ms/op
WorkloadResult  55: 512 op, 550120000.00 ns, 1.0745 ms/op
WorkloadResult  56: 512 op, 547268100.00 ns, 1.0689 ms/op
WorkloadResult  57: 512 op, 557954600.00 ns, 1.0898 ms/op
WorkloadResult  58: 512 op, 533493800.00 ns, 1.0420 ms/op
WorkloadResult  59: 512 op, 543030900.00 ns, 1.0606 ms/op
WorkloadResult  60: 512 op, 539225600.00 ns, 1.0532 ms/op
// GC:  1956 0 0 8212451328 512
// Threading:  0 0 512

// AfterAll
// Benchmark Process 21836 has exited with code 0.

Mean = 1.102 ms, StdErr = 0.006 ms (0.58%), N = 60, StdDev = 0.049 ms
Min = 1.002 ms, Q1 = 1.067 ms, Median = 1.096 ms, Q3 = 1.142 ms, Max = 1.220 ms
IQR = 0.075 ms, LowerFence = 0.954 ms, UpperFence = 1.255 ms
ConfidenceInterval = [1.080 ms; 1.124 ms] (CI 99.9%), Margin = 0.022 ms (1.99% of Mean)
Skewness = 0.21, Kurtosis = 2.37, MValue = 2.35

// ** Remained 5 (62.5%) benchmark(s) to run. Estimated finish 2026-09-16 5:17 (0h 4m from now) **
Setup power plan (GUID: 8c5e7fda-e8bf-4a96-9a85-a6e23a8c635c FriendlyName: High performance)
// **************************
// Benchmark: StringBenchmark.StringBuilderConcatenation: DefaultJob [Iterations=1000]
// *** Execute ***
// Launch: 1 / 1
// Execute: dotnet CSharpAssiginment4-DefaultJob-1.dll --anonymousPipes 1336 1344 --benchmarkName "StringBenchmark.StringBuilderConcatenation(Iterations: 1000)" --job Default --benchmarkId 3 in C:\Users\com\source\repos\CSharpAssiginment4\CSharpAssiginment4\bin\Release\net10.0\CSharpAssiginment4-DefaultJob-1\bin\Release\net10.0
// BeforeAnythingElse

// Benchmark Process Environment Information:
// BenchmarkDotNet v0.15.8
// Runtime=.NET 10.0.12 (10.0.12, 10.0.1226.42308), X64 RyuJIT x86-64-v3
// GC=Concurrent Workstation
// HardwareIntrinsics=AVX2+BMI1+BMI2+F16C+FMA+LZCNT+MOVBE,AVX,SSE3+SSSE3+SSE4.1+SSE4.2+POPCNT,X86Base+SSE+SSE2,AES+PCLMUL VectorSize=256
// Job: DefaultJob

OverheadJitting  1: 1 op, 223200.00 ns, 223.2000 us/op
WorkloadJitting  1: 1 op, 1388100.00 ns, 1.3881 ms/op

OverheadJitting  2: 16 op, 486900.00 ns, 30.4313 us/op
WorkloadJitting  2: 16 op, 2265300.00 ns, 141.5813 us/op

WorkloadPilot    1: 16 op, 458900.00 ns, 28.6813 us/op
WorkloadPilot    2: 32 op, 718600.00 ns, 22.4563 us/op
WorkloadPilot    3: 64 op, 1874400.00 ns, 29.2875 us/op
WorkloadPilot    4: 128 op, 3263400.00 ns, 25.4953 us/op
WorkloadPilot    5: 256 op, 3958200.00 ns, 15.4617 us/op
WorkloadPilot    6: 512 op, 8617500.00 ns, 16.8311 us/op
WorkloadPilot    7: 1024 op, 17962100.00 ns, 17.5411 us/op
WorkloadPilot    8: 2048 op, 32824800.00 ns, 16.0277 us/op
WorkloadPilot    9: 4096 op, 62605300.00 ns, 15.2845 us/op
WorkloadPilot   10: 8192 op, 166906600.00 ns, 20.3743 us/op
WorkloadPilot   11: 16384 op, 95466200.00 ns, 5.8268 us/op
WorkloadPilot   12: 32768 op, 173986700.00 ns, 5.3097 us/op
WorkloadPilot   13: 65536 op, 341495800.00 ns, 5.2108 us/op
WorkloadPilot   14: 131072 op, 705528400.00 ns, 5.3828 us/op

OverheadWarmup   1: 131072 op, 540200.00 ns, 4.1214 ns/op
OverheadWarmup   2: 131072 op, 570700.00 ns, 4.3541 ns/op
OverheadWarmup   3: 131072 op, 513600.00 ns, 3.9185 ns/op
OverheadWarmup   4: 131072 op, 513700.00 ns, 3.9192 ns/op
OverheadWarmup   5: 131072 op, 510100.00 ns, 3.8918 ns/op

OverheadActual   1: 131072 op, 515400.00 ns, 3.9322 ns/op
OverheadActual   2: 131072 op, 512700.00 ns, 3.9116 ns/op
OverheadActual   3: 131072 op, 540500.00 ns, 4.1237 ns/op
OverheadActual   4: 131072 op, 520500.00 ns, 3.9711 ns/op
OverheadActual   5: 131072 op, 514100.00 ns, 3.9223 ns/op
OverheadActual   6: 131072 op, 513300.00 ns, 3.9162 ns/op
OverheadActual   7: 131072 op, 511400.00 ns, 3.9017 ns/op
OverheadActual   8: 131072 op, 513400.00 ns, 3.9169 ns/op
OverheadActual   9: 131072 op, 512700.00 ns, 3.9116 ns/op
OverheadActual  10: 131072 op, 513300.00 ns, 3.9162 ns/op
OverheadActual  11: 131072 op, 511200.00 ns, 3.9001 ns/op
OverheadActual  12: 131072 op, 511600.00 ns, 3.9032 ns/op
OverheadActual  13: 131072 op, 519700.00 ns, 3.9650 ns/op
OverheadActual  14: 131072 op, 514600.00 ns, 3.9261 ns/op
OverheadActual  15: 131072 op, 513400.00 ns, 3.9169 ns/op

WorkloadWarmup   1: 131072 op, 713316000.00 ns, 5.4422 us/op
WorkloadWarmup   2: 131072 op, 687702900.00 ns, 5.2468 us/op
WorkloadWarmup   3: 131072 op, 690221400.00 ns, 5.2660 us/op
WorkloadWarmup   4: 131072 op, 679460100.00 ns, 5.1839 us/op
WorkloadWarmup   5: 131072 op, 667056000.00 ns, 5.0892 us/op
WorkloadWarmup   6: 131072 op, 700303100.00 ns, 5.3429 us/op
WorkloadWarmup   7: 131072 op, 666604200.00 ns, 5.0858 us/op

// BeforeActualRun
WorkloadActual   1: 131072 op, 685142200.00 ns, 5.2272 us/op
WorkloadActual   2: 131072 op, 685213100.00 ns, 5.2278 us/op
WorkloadActual   3: 131072 op, 677204700.00 ns, 5.1667 us/op
WorkloadActual   4: 131072 op, 670151600.00 ns, 5.1129 us/op
WorkloadActual   5: 131072 op, 676070100.00 ns, 5.1580 us/op
WorkloadActual   6: 131072 op, 663492400.00 ns, 5.0620 us/op
WorkloadActual   7: 131072 op, 681114400.00 ns, 5.1965 us/op
WorkloadActual   8: 131072 op, 675016000.00 ns, 5.1500 us/op
WorkloadActual   9: 131072 op, 714544000.00 ns, 5.4515 us/op
WorkloadActual  10: 131072 op, 682895400.00 ns, 5.2101 us/op
WorkloadActual  11: 131072 op, 674871800.00 ns, 5.1489 us/op
WorkloadActual  12: 131072 op, 702628600.00 ns, 5.3606 us/op
WorkloadActual  13: 131072 op, 698974600.00 ns, 5.3328 us/op
WorkloadActual  14: 131072 op, 678084500.00 ns, 5.1734 us/op
WorkloadActual  15: 131072 op, 720421600.00 ns, 5.4964 us/op
WorkloadActual  16: 131072 op, 684948200.00 ns, 5.2257 us/op
WorkloadActual  17: 131072 op, 687157000.00 ns, 5.2426 us/op

// AfterActualRun
WorkloadResult   1: 131072 op, 684628800.00 ns, 5.2233 us/op
WorkloadResult   2: 131072 op, 684699700.00 ns, 5.2238 us/op
WorkloadResult   3: 131072 op, 676691300.00 ns, 5.1627 us/op
WorkloadResult   4: 131072 op, 669638200.00 ns, 5.1089 us/op
WorkloadResult   5: 131072 op, 675556700.00 ns, 5.1541 us/op
WorkloadResult   6: 131072 op, 662979000.00 ns, 5.0581 us/op
WorkloadResult   7: 131072 op, 680601000.00 ns, 5.1926 us/op
WorkloadResult   8: 131072 op, 674502600.00 ns, 5.1460 us/op
WorkloadResult   9: 131072 op, 682382000.00 ns, 5.2062 us/op
WorkloadResult  10: 131072 op, 674358400.00 ns, 5.1449 us/op
WorkloadResult  11: 131072 op, 702115200.00 ns, 5.3567 us/op
WorkloadResult  12: 131072 op, 698461200.00 ns, 5.3288 us/op
WorkloadResult  13: 131072 op, 677571100.00 ns, 5.1695 us/op
WorkloadResult  14: 131072 op, 684434800.00 ns, 5.2218 us/op
WorkloadResult  15: 131072 op, 686643600.00 ns, 5.2387 us/op
// GC:  2037 169 0 8545894400 131072
// Threading:  0 0 131072

// AfterAll
// Benchmark Process 12060 has exited with code 0.

Mean = 5.196 μs, StdErr = 0.020 μs (0.38%), N = 15, StdDev = 0.077 μs
Min = 5.058 μs, Q1 = 5.150 μs, Median = 5.193 μs, Q3 = 5.224 μs, Max = 5.357 μs
IQR = 0.074 μs, LowerFence = 5.040 μs, UpperFence = 5.334 μs
ConfidenceInterval = [5.114 μs; 5.278 μs] (CI 99.9%), Margin = 0.082 μs (1.58% of Mean)
Skewness = 0.44, Kurtosis = 2.71, MValue = 2

// ** Remained 4 (50.0%) benchmark(s) to run. Estimated finish 2026-09-16 5:16 (0h 3m from now) **
Setup power plan (GUID: 8c5e7fda-e8bf-4a96-9a85-a6e23a8c635c FriendlyName: High performance)
// **************************
// Benchmark: StringBenchmark.StringConcatenation: DefaultJob [Iterations=10000]
// *** Execute ***
// Launch: 1 / 1
// Execute: dotnet CSharpAssiginment4-DefaultJob-1.dll --anonymousPipes 824 844 --benchmarkName "StringBenchmark.StringConcatenation(Iterations: 10000)" --job Default --benchmarkId 4 in C:\Users\com\source\repos\CSharpAssiginment4\CSharpAssiginment4\bin\Release\net10.0\CSharpAssiginment4-DefaultJob-1\bin\Release\net10.0
// BeforeAnythingElse

// Benchmark Process Environment Information:
// BenchmarkDotNet v0.15.8
// Runtime=.NET 10.0.12 (10.0.12, 10.0.1226.42308), X64 RyuJIT x86-64-v3
// GC=Concurrent Workstation
// HardwareIntrinsics=AVX2+BMI1+BMI2+F16C+FMA+LZCNT+MOVBE,AVX,SSE3+SSSE3+SSE4.1+SSE4.2+POPCNT,X86Base+SSE+SSE2,AES+PCLMUL VectorSize=256
// Job: DefaultJob

OverheadJitting  1: 1 op, 248900.00 ns, 248.9000 us/op
WorkloadJitting  1: 1 op, 3637000.00 ns, 3.6370 ms/op

OverheadJitting  2: 16 op, 548100.00 ns, 34.2563 us/op
WorkloadJitting  2: 16 op, 21793500.00 ns, 1.3621 ms/op

WorkloadPilot    1: 16 op, 21251300.00 ns, 1.3282 ms/op
WorkloadPilot    2: 32 op, 41428900.00 ns, 1.2947 ms/op
WorkloadPilot    3: 64 op, 80517900.00 ns, 1.2581 ms/op
WorkloadPilot    4: 128 op, 148596200.00 ns, 1.1609 ms/op
WorkloadPilot    5: 256 op, 287598400.00 ns, 1.1234 ms/op
WorkloadPilot    6: 512 op, 541922800.00 ns, 1.0584 ms/op

OverheadWarmup   1: 512 op, 4600.00 ns, 8.9844 ns/op
OverheadWarmup   2: 512 op, 2600.00 ns, 5.0781 ns/op
OverheadWarmup   3: 512 op, 3300.00 ns, 6.4453 ns/op
OverheadWarmup   4: 512 op, 2500.00 ns, 4.8828 ns/op
OverheadWarmup   5: 512 op, 2500.00 ns, 4.8828 ns/op
OverheadWarmup   6: 512 op, 2500.00 ns, 4.8828 ns/op

OverheadActual   1: 512 op, 2500.00 ns, 4.8828 ns/op
OverheadActual   2: 512 op, 2500.00 ns, 4.8828 ns/op
OverheadActual   3: 512 op, 2600.00 ns, 5.0781 ns/op
OverheadActual   4: 512 op, 2400.00 ns, 4.6875 ns/op
OverheadActual   5: 512 op, 2500.00 ns, 4.8828 ns/op
OverheadActual   6: 512 op, 2500.00 ns, 4.8828 ns/op
OverheadActual   7: 512 op, 2500.00 ns, 4.8828 ns/op
OverheadActual   8: 512 op, 2600.00 ns, 5.0781 ns/op
OverheadActual   9: 512 op, 2600.00 ns, 5.0781 ns/op
OverheadActual  10: 512 op, 2500.00 ns, 4.8828 ns/op
OverheadActual  11: 512 op, 3500.00 ns, 6.8359 ns/op
OverheadActual  12: 512 op, 2500.00 ns, 4.8828 ns/op
OverheadActual  13: 512 op, 2500.00 ns, 4.8828 ns/op
OverheadActual  14: 512 op, 2600.00 ns, 5.0781 ns/op
OverheadActual  15: 512 op, 2700.00 ns, 5.2734 ns/op

WorkloadWarmup   1: 512 op, 566931700.00 ns, 1.1073 ms/op
WorkloadWarmup   2: 512 op, 525017000.00 ns, 1.0254 ms/op
WorkloadWarmup   3: 512 op, 534199500.00 ns, 1.0434 ms/op
WorkloadWarmup   4: 512 op, 547633000.00 ns, 1.0696 ms/op
WorkloadWarmup   5: 512 op, 565838900.00 ns, 1.1052 ms/op
WorkloadWarmup   6: 512 op, 552279200.00 ns, 1.0787 ms/op
WorkloadWarmup   7: 512 op, 556210700.00 ns, 1.0863 ms/op
WorkloadWarmup   8: 512 op, 555946900.00 ns, 1.0858 ms/op

// BeforeActualRun
WorkloadActual   1: 512 op, 572460600.00 ns, 1.1181 ms/op
WorkloadActual   2: 512 op, 552397100.00 ns, 1.0789 ms/op
WorkloadActual   3: 512 op, 630118300.00 ns, 1.2307 ms/op
WorkloadActual   4: 512 op, 575065600.00 ns, 1.1232 ms/op
WorkloadActual   5: 512 op, 558196200.00 ns, 1.0902 ms/op
WorkloadActual   6: 512 op, 563322600.00 ns, 1.1002 ms/op
WorkloadActual   7: 512 op, 560080700.00 ns, 1.0939 ms/op
WorkloadActual   8: 512 op, 607608900.00 ns, 1.1867 ms/op
WorkloadActual   9: 512 op, 559420000.00 ns, 1.0926 ms/op
WorkloadActual  10: 512 op, 593969400.00 ns, 1.1601 ms/op
WorkloadActual  11: 512 op, 588347100.00 ns, 1.1491 ms/op
WorkloadActual  12: 512 op, 571770400.00 ns, 1.1167 ms/op
WorkloadActual  13: 512 op, 595865300.00 ns, 1.1638 ms/op
WorkloadActual  14: 512 op, 571233100.00 ns, 1.1157 ms/op
WorkloadActual  15: 512 op, 595877300.00 ns, 1.1638 ms/op
WorkloadActual  16: 512 op, 655002400.00 ns, 1.2793 ms/op
WorkloadActual  17: 512 op, 825176200.00 ns, 1.6117 ms/op
WorkloadActual  18: 512 op, 678665500.00 ns, 1.3255 ms/op
WorkloadActual  19: 512 op, 672695100.00 ns, 1.3139 ms/op
WorkloadActual  20: 512 op, 674256000.00 ns, 1.3169 ms/op
WorkloadActual  21: 512 op, 612493200.00 ns, 1.1963 ms/op
WorkloadActual  22: 512 op, 608696500.00 ns, 1.1889 ms/op
WorkloadActual  23: 512 op, 567554600.00 ns, 1.1085 ms/op
WorkloadActual  24: 512 op, 696515500.00 ns, 1.3604 ms/op
WorkloadActual  25: 512 op, 758377800.00 ns, 1.4812 ms/op
WorkloadActual  26: 512 op, 722815000.00 ns, 1.4117 ms/op
WorkloadActual  27: 512 op, 574751900.00 ns, 1.1226 ms/op
WorkloadActual  28: 512 op, 679973800.00 ns, 1.3281 ms/op
WorkloadActual  29: 512 op, 620265300.00 ns, 1.2115 ms/op
WorkloadActual  30: 512 op, 519510600.00 ns, 1.0147 ms/op
WorkloadActual  31: 512 op, 566179100.00 ns, 1.1058 ms/op
WorkloadActual  32: 512 op, 538610700.00 ns, 1.0520 ms/op
WorkloadActual  33: 512 op, 573540900.00 ns, 1.1202 ms/op
WorkloadActual  34: 512 op, 543683500.00 ns, 1.0619 ms/op
WorkloadActual  35: 512 op, 520255700.00 ns, 1.0161 ms/op
WorkloadActual  36: 512 op, 521559800.00 ns, 1.0187 ms/op
WorkloadActual  37: 512 op, 537647000.00 ns, 1.0501 ms/op
WorkloadActual  38: 512 op, 523083600.00 ns, 1.0216 ms/op
WorkloadActual  39: 512 op, 744377900.00 ns, 1.4539 ms/op
WorkloadActual  40: 512 op, 755587700.00 ns, 1.4758 ms/op
WorkloadActual  41: 512 op, 549584900.00 ns, 1.0734 ms/op
WorkloadActual  42: 512 op, 518090300.00 ns, 1.0119 ms/op
WorkloadActual  43: 512 op, 514189900.00 ns, 1.0043 ms/op
WorkloadActual  44: 512 op, 522077400.00 ns, 1.0197 ms/op
WorkloadActual  45: 512 op, 502257700.00 ns, 980.9721 us/op
WorkloadActual  46: 512 op, 545947400.00 ns, 1.0663 ms/op
WorkloadActual  47: 512 op, 503609300.00 ns, 983.6119 us/op
WorkloadActual  48: 512 op, 526100500.00 ns, 1.0275 ms/op
WorkloadActual  49: 512 op, 514207800.00 ns, 1.0043 ms/op
WorkloadActual  50: 512 op, 522681500.00 ns, 1.0209 ms/op
WorkloadActual  51: 512 op, 513071600.00 ns, 1.0021 ms/op
WorkloadActual  52: 512 op, 525726200.00 ns, 1.0268 ms/op
WorkloadActual  53: 512 op, 504820400.00 ns, 985.9773 us/op
WorkloadActual  54: 512 op, 512711000.00 ns, 1.0014 ms/op
WorkloadActual  55: 512 op, 507144900.00 ns, 990.5174 us/op
WorkloadActual  56: 512 op, 508095100.00 ns, 992.3732 us/op
WorkloadActual  57: 512 op, 505561000.00 ns, 987.4238 us/op
WorkloadActual  58: 512 op, 554008500.00 ns, 1.0820 ms/op
WorkloadActual  59: 512 op, 533118300.00 ns, 1.0412 ms/op
WorkloadActual  60: 512 op, 526083100.00 ns, 1.0275 ms/op
WorkloadActual  61: 512 op, 516224400.00 ns, 1.0083 ms/op
WorkloadActual  62: 512 op, 542448600.00 ns, 1.0595 ms/op
WorkloadActual  63: 512 op, 521921500.00 ns, 1.0194 ms/op
WorkloadActual  64: 512 op, 531838600.00 ns, 1.0387 ms/op
WorkloadActual  65: 512 op, 519763500.00 ns, 1.0152 ms/op
WorkloadActual  66: 512 op, 512658800.00 ns, 1.0013 ms/op
WorkloadActual  67: 512 op, 541830700.00 ns, 1.0583 ms/op
WorkloadActual  68: 512 op, 532981200.00 ns, 1.0410 ms/op
WorkloadActual  69: 512 op, 534607700.00 ns, 1.0442 ms/op
WorkloadActual  70: 512 op, 516720400.00 ns, 1.0092 ms/op
WorkloadActual  71: 512 op, 511715400.00 ns, 999.4441 us/op
WorkloadActual  72: 512 op, 494527300.00 ns, 965.8736 us/op
WorkloadActual  73: 512 op, 534969300.00 ns, 1.0449 ms/op
WorkloadActual  74: 512 op, 512898400.00 ns, 1.0018 ms/op
WorkloadActual  75: 512 op, 527676500.00 ns, 1.0306 ms/op
WorkloadActual  76: 512 op, 521304000.00 ns, 1.0182 ms/op
WorkloadActual  77: 512 op, 535366200.00 ns, 1.0456 ms/op
WorkloadActual  78: 512 op, 556277300.00 ns, 1.0865 ms/op
WorkloadActual  79: 512 op, 541834400.00 ns, 1.0583 ms/op
WorkloadActual  80: 512 op, 515401800.00 ns, 1.0066 ms/op
WorkloadActual  81: 512 op, 523209200.00 ns, 1.0219 ms/op
WorkloadActual  82: 512 op, 518858000.00 ns, 1.0134 ms/op
WorkloadActual  83: 512 op, 548141400.00 ns, 1.0706 ms/op
WorkloadActual  84: 512 op, 538277100.00 ns, 1.0513 ms/op
WorkloadActual  85: 512 op, 518754800.00 ns, 1.0132 ms/op
WorkloadActual  86: 512 op, 545698800.00 ns, 1.0658 ms/op
WorkloadActual  87: 512 op, 544887200.00 ns, 1.0642 ms/op
WorkloadActual  88: 512 op, 535098900.00 ns, 1.0451 ms/op
WorkloadActual  89: 512 op, 533492800.00 ns, 1.0420 ms/op
WorkloadActual  90: 512 op, 525059900.00 ns, 1.0255 ms/op
WorkloadActual  91: 512 op, 533157600.00 ns, 1.0413 ms/op
WorkloadActual  92: 512 op, 515463000.00 ns, 1.0068 ms/op
WorkloadActual  93: 512 op, 520698400.00 ns, 1.0170 ms/op
WorkloadActual  94: 512 op, 516304300.00 ns, 1.0084 ms/op
WorkloadActual  95: 512 op, 535245600.00 ns, 1.0454 ms/op
WorkloadActual  96: 512 op, 533377100.00 ns, 1.0418 ms/op
WorkloadActual  97: 512 op, 548202000.00 ns, 1.0707 ms/op
WorkloadActual  98: 512 op, 536399900.00 ns, 1.0477 ms/op

// AfterActualRun
WorkloadResult   1: 512 op, 572458100.00 ns, 1.1181 ms/op
WorkloadResult   2: 512 op, 552394600.00 ns, 1.0789 ms/op
WorkloadResult   3: 512 op, 630115800.00 ns, 1.2307 ms/op
WorkloadResult   4: 512 op, 575063100.00 ns, 1.1232 ms/op
WorkloadResult   5: 512 op, 558193700.00 ns, 1.0902 ms/op
WorkloadResult   6: 512 op, 563320100.00 ns, 1.1002 ms/op
WorkloadResult   7: 512 op, 560078200.00 ns, 1.0939 ms/op
WorkloadResult   8: 512 op, 607606400.00 ns, 1.1867 ms/op
WorkloadResult   9: 512 op, 559417500.00 ns, 1.0926 ms/op
WorkloadResult  10: 512 op, 593966900.00 ns, 1.1601 ms/op
WorkloadResult  11: 512 op, 588344600.00 ns, 1.1491 ms/op
WorkloadResult  12: 512 op, 571767900.00 ns, 1.1167 ms/op
WorkloadResult  13: 512 op, 595862800.00 ns, 1.1638 ms/op
WorkloadResult  14: 512 op, 571230600.00 ns, 1.1157 ms/op
WorkloadResult  15: 512 op, 595874800.00 ns, 1.1638 ms/op
WorkloadResult  16: 512 op, 612490700.00 ns, 1.1963 ms/op
WorkloadResult  17: 512 op, 608694000.00 ns, 1.1889 ms/op
WorkloadResult  18: 512 op, 567552100.00 ns, 1.1085 ms/op
WorkloadResult  19: 512 op, 574749400.00 ns, 1.1226 ms/op
WorkloadResult  20: 512 op, 620262800.00 ns, 1.2115 ms/op
WorkloadResult  21: 512 op, 519508100.00 ns, 1.0147 ms/op
WorkloadResult  22: 512 op, 566176600.00 ns, 1.1058 ms/op
WorkloadResult  23: 512 op, 538608200.00 ns, 1.0520 ms/op
WorkloadResult  24: 512 op, 573538400.00 ns, 1.1202 ms/op
WorkloadResult  25: 512 op, 543681000.00 ns, 1.0619 ms/op
WorkloadResult  26: 512 op, 520253200.00 ns, 1.0161 ms/op
WorkloadResult  27: 512 op, 521557300.00 ns, 1.0187 ms/op
WorkloadResult  28: 512 op, 537644500.00 ns, 1.0501 ms/op
WorkloadResult  29: 512 op, 523081100.00 ns, 1.0216 ms/op
WorkloadResult  30: 512 op, 549582400.00 ns, 1.0734 ms/op
WorkloadResult  31: 512 op, 518087800.00 ns, 1.0119 ms/op
WorkloadResult  32: 512 op, 514187400.00 ns, 1.0043 ms/op
WorkloadResult  33: 512 op, 522074900.00 ns, 1.0197 ms/op
WorkloadResult  34: 512 op, 502255200.00 ns, 980.9672 us/op
WorkloadResult  35: 512 op, 545944900.00 ns, 1.0663 ms/op
WorkloadResult  36: 512 op, 503606800.00 ns, 983.6070 us/op
WorkloadResult  37: 512 op, 526098000.00 ns, 1.0275 ms/op
WorkloadResult  38: 512 op, 514205300.00 ns, 1.0043 ms/op
WorkloadResult  39: 512 op, 522679000.00 ns, 1.0209 ms/op
WorkloadResult  40: 512 op, 513069100.00 ns, 1.0021 ms/op
WorkloadResult  41: 512 op, 525723700.00 ns, 1.0268 ms/op
WorkloadResult  42: 512 op, 504817900.00 ns, 985.9725 us/op
WorkloadResult  43: 512 op, 512708500.00 ns, 1.0014 ms/op
WorkloadResult  44: 512 op, 507142400.00 ns, 990.5125 us/op
WorkloadResult  45: 512 op, 508092600.00 ns, 992.3684 us/op
WorkloadResult  46: 512 op, 505558500.00 ns, 987.4189 us/op
WorkloadResult  47: 512 op, 554006000.00 ns, 1.0820 ms/op
WorkloadResult  48: 512 op, 533115800.00 ns, 1.0412 ms/op
WorkloadResult  49: 512 op, 526080600.00 ns, 1.0275 ms/op
WorkloadResult  50: 512 op, 516221900.00 ns, 1.0082 ms/op
WorkloadResult  51: 512 op, 542446100.00 ns, 1.0595 ms/op
WorkloadResult  52: 512 op, 521919000.00 ns, 1.0194 ms/op
WorkloadResult  53: 512 op, 531836100.00 ns, 1.0387 ms/op
WorkloadResult  54: 512 op, 519761000.00 ns, 1.0152 ms/op
WorkloadResult  55: 512 op, 512656300.00 ns, 1.0013 ms/op
WorkloadResult  56: 512 op, 541828200.00 ns, 1.0583 ms/op
WorkloadResult  57: 512 op, 532978700.00 ns, 1.0410 ms/op
WorkloadResult  58: 512 op, 534605200.00 ns, 1.0442 ms/op
WorkloadResult  59: 512 op, 516717900.00 ns, 1.0092 ms/op
WorkloadResult  60: 512 op, 511712900.00 ns, 999.4393 us/op
WorkloadResult  61: 512 op, 494524800.00 ns, 965.8688 us/op
WorkloadResult  62: 512 op, 534966800.00 ns, 1.0449 ms/op
WorkloadResult  63: 512 op, 512895900.00 ns, 1.0017 ms/op
WorkloadResult  64: 512 op, 527674000.00 ns, 1.0306 ms/op
WorkloadResult  65: 512 op, 521301500.00 ns, 1.0182 ms/op
WorkloadResult  66: 512 op, 535363700.00 ns, 1.0456 ms/op
WorkloadResult  67: 512 op, 556274800.00 ns, 1.0865 ms/op
WorkloadResult  68: 512 op, 541831900.00 ns, 1.0583 ms/op
WorkloadResult  69: 512 op, 515399300.00 ns, 1.0066 ms/op
WorkloadResult  70: 512 op, 523206700.00 ns, 1.0219 ms/op
WorkloadResult  71: 512 op, 518855500.00 ns, 1.0134 ms/op
WorkloadResult  72: 512 op, 548138900.00 ns, 1.0706 ms/op
WorkloadResult  73: 512 op, 538274600.00 ns, 1.0513 ms/op
WorkloadResult  74: 512 op, 518752300.00 ns, 1.0132 ms/op
WorkloadResult  75: 512 op, 545696300.00 ns, 1.0658 ms/op
WorkloadResult  76: 512 op, 544884700.00 ns, 1.0642 ms/op
WorkloadResult  77: 512 op, 535096400.00 ns, 1.0451 ms/op
WorkloadResult  78: 512 op, 533490300.00 ns, 1.0420 ms/op
WorkloadResult  79: 512 op, 525057400.00 ns, 1.0255 ms/op
WorkloadResult  80: 512 op, 533155100.00 ns, 1.0413 ms/op
WorkloadResult  81: 512 op, 515460500.00 ns, 1.0068 ms/op
WorkloadResult  82: 512 op, 520695900.00 ns, 1.0170 ms/op
WorkloadResult  83: 512 op, 516301800.00 ns, 1.0084 ms/op
WorkloadResult  84: 512 op, 535243100.00 ns, 1.0454 ms/op
WorkloadResult  85: 512 op, 533374600.00 ns, 1.0417 ms/op
WorkloadResult  86: 512 op, 548199500.00 ns, 1.0707 ms/op
WorkloadResult  87: 512 op, 536397400.00 ns, 1.0477 ms/op
// GC:  1956 0 0 8212451328 512
// Threading:  0 0 512

// AfterAll
// Benchmark Process 24480 has exited with code 0.

Mean = 1.056 ms, StdErr = 0.006 ms (0.59%), N = 87, StdDev = 0.058 ms
Min = 0.966 ms, Q1 = 1.014 ms, Median = 1.042 ms, Q3 = 1.084 ms, Max = 1.231 ms
IQR = 0.070 ms, LowerFence = 0.909 ms, UpperFence = 1.190 ms
ConfidenceInterval = [1.035 ms; 1.077 ms] (CI 99.9%), Margin = 0.021 ms (2.00% of Mean)
Skewness = 1.07, Kurtosis = 3.56, MValue = 2.5

// ** Remained 3 (37.5%) benchmark(s) to run. Estimated finish 2026-09-16 5:17 (0h 2m from now) **
Setup power plan (GUID: 8c5e7fda-e8bf-4a96-9a85-a6e23a8c635c FriendlyName: High performance)
// **************************
// Benchmark: StringBenchmark.StringBuilderConcatenation: DefaultJob [Iterations=10000]
// *** Execute ***
// Launch: 1 / 1
// Execute: dotnet CSharpAssiginment4-DefaultJob-1.dll --anonymousPipes 844 1236 --benchmarkName "StringBenchmark.StringBuilderConcatenation(Iterations: 10000)" --job Default --benchmarkId 5 in C:\Users\com\source\repos\CSharpAssiginment4\CSharpAssiginment4\bin\Release\net10.0\CSharpAssiginment4-DefaultJob-1\bin\Release\net10.0
// BeforeAnythingElse

// Benchmark Process Environment Information:
// BenchmarkDotNet v0.15.8
// Runtime=.NET 10.0.12 (10.0.12, 10.0.1226.42308), X64 RyuJIT x86-64-v3
// GC=Concurrent Workstation
// HardwareIntrinsics=AVX2+BMI1+BMI2+F16C+FMA+LZCNT+MOVBE,AVX,SSE3+SSSE3+SSE4.1+SSE4.2+POPCNT,X86Base+SSE+SSE2,AES+PCLMUL VectorSize=256
// Job: DefaultJob

OverheadJitting  1: 1 op, 547200.00 ns, 547.2000 us/op
WorkloadJitting  1: 1 op, 609900.00 ns, 609.9000 us/op

OverheadJitting  2: 16 op, 529100.00 ns, 33.0688 us/op
WorkloadJitting  2: 16 op, 2383400.00 ns, 148.9625 us/op

WorkloadPilot    1: 16 op, 438100.00 ns, 27.3813 us/op
WorkloadPilot    2: 32 op, 736200.00 ns, 23.0063 us/op
WorkloadPilot    3: 64 op, 1627900.00 ns, 25.4359 us/op
WorkloadPilot    4: 128 op, 2920000.00 ns, 22.8125 us/op
WorkloadPilot    5: 256 op, 6149300.00 ns, 24.0207 us/op
WorkloadPilot    6: 512 op, 9494000.00 ns, 18.5430 us/op
WorkloadPilot    7: 1024 op, 18855900.00 ns, 18.4140 us/op
WorkloadPilot    8: 2048 op, 35241100.00 ns, 17.2076 us/op
WorkloadPilot    9: 4096 op, 68240300.00 ns, 16.6602 us/op
WorkloadPilot   10: 8192 op, 152021000.00 ns, 18.5573 us/op
WorkloadPilot   11: 16384 op, 93474300.00 ns, 5.7052 us/op
WorkloadPilot   12: 32768 op, 188639000.00 ns, 5.7568 us/op
WorkloadPilot   13: 65536 op, 361589300.00 ns, 5.5174 us/op
WorkloadPilot   14: 131072 op, 799266800.00 ns, 6.0979 us/op

OverheadWarmup   1: 131072 op, 586500.00 ns, 4.4746 ns/op
OverheadWarmup   2: 131072 op, 585300.00 ns, 4.4655 ns/op
OverheadWarmup   3: 131072 op, 594100.00 ns, 4.5326 ns/op
OverheadWarmup   4: 131072 op, 614500.00 ns, 4.6883 ns/op
OverheadWarmup   5: 131072 op, 589000.00 ns, 4.4937 ns/op
OverheadWarmup   6: 131072 op, 633100.00 ns, 4.8302 ns/op
OverheadWarmup   7: 131072 op, 630600.00 ns, 4.8111 ns/op

OverheadActual   1: 131072 op, 597800.00 ns, 4.5609 ns/op
OverheadActual   2: 131072 op, 591900.00 ns, 4.5158 ns/op
OverheadActual   3: 131072 op, 587300.00 ns, 4.4807 ns/op
OverheadActual   4: 131072 op, 611400.00 ns, 4.6646 ns/op
OverheadActual   5: 131072 op, 597000.00 ns, 4.5547 ns/op
OverheadActual   6: 131072 op, 586200.00 ns, 4.4724 ns/op
OverheadActual   7: 131072 op, 626500.00 ns, 4.7798 ns/op
OverheadActual   8: 131072 op, 617800.00 ns, 4.7134 ns/op
OverheadActual   9: 131072 op, 647500.00 ns, 4.9400 ns/op
OverheadActual  10: 131072 op, 586600.00 ns, 4.4754 ns/op
OverheadActual  11: 131072 op, 584700.00 ns, 4.4609 ns/op
OverheadActual  12: 131072 op, 634800.00 ns, 4.8431 ns/op
OverheadActual  13: 131072 op, 696200.00 ns, 5.3116 ns/op
OverheadActual  14: 131072 op, 679800.00 ns, 5.1865 ns/op
OverheadActual  15: 131072 op, 591800.00 ns, 4.5151 ns/op
OverheadActual  16: 131072 op, 611600.00 ns, 4.6661 ns/op

WorkloadWarmup   1: 131072 op, 844185800.00 ns, 6.4406 us/op
WorkloadWarmup   2: 131072 op, 834087900.00 ns, 6.3636 us/op
WorkloadWarmup   3: 131072 op, 781387700.00 ns, 5.9615 us/op
WorkloadWarmup   4: 131072 op, 728189800.00 ns, 5.5556 us/op
WorkloadWarmup   5: 131072 op, 713289400.00 ns, 5.4420 us/op
WorkloadWarmup   6: 131072 op, 707463800.00 ns, 5.3975 us/op
WorkloadWarmup   7: 131072 op, 711880200.00 ns, 5.4312 us/op
WorkloadWarmup   8: 131072 op, 697482900.00 ns, 5.3214 us/op
WorkloadWarmup   9: 131072 op, 709944400.00 ns, 5.4164 us/op
WorkloadWarmup  10: 131072 op, 693009500.00 ns, 5.2872 us/op

// BeforeActualRun
WorkloadActual   1: 131072 op, 717135300.00 ns, 5.4713 us/op
WorkloadActual   2: 131072 op, 733618300.00 ns, 5.5971 us/op
WorkloadActual   3: 131072 op, 668970400.00 ns, 5.1038 us/op
WorkloadActual   4: 131072 op, 804616200.00 ns, 6.1387 us/op
WorkloadActual   5: 131072 op, 772900000.00 ns, 5.8968 us/op
WorkloadActual   6: 131072 op, 710145400.00 ns, 5.4180 us/op
WorkloadActual   7: 131072 op, 732618100.00 ns, 5.5894 us/op
WorkloadActual   8: 131072 op, 751084800.00 ns, 5.7303 us/op
WorkloadActual   9: 131072 op, 683325100.00 ns, 5.2134 us/op
WorkloadActual  10: 131072 op, 678164800.00 ns, 5.1740 us/op
WorkloadActual  11: 131072 op, 735984000.00 ns, 5.6151 us/op
WorkloadActual  12: 131072 op, 698661900.00 ns, 5.3304 us/op
WorkloadActual  13: 131072 op, 687678700.00 ns, 5.2466 us/op
WorkloadActual  14: 131072 op, 679525200.00 ns, 5.1844 us/op
WorkloadActual  15: 131072 op, 673522800.00 ns, 5.1386 us/op
WorkloadActual  16: 131072 op, 671288100.00 ns, 5.1215 us/op
WorkloadActual  17: 131072 op, 669464600.00 ns, 5.1076 us/op
WorkloadActual  18: 131072 op, 678904200.00 ns, 5.1796 us/op
WorkloadActual  19: 131072 op, 717453500.00 ns, 5.4737 us/op
WorkloadActual  20: 131072 op, 693321700.00 ns, 5.2896 us/op
WorkloadActual  21: 131072 op, 696418800.00 ns, 5.3133 us/op
WorkloadActual  22: 131072 op, 691914300.00 ns, 5.2789 us/op
WorkloadActual  23: 131072 op, 711314800.00 ns, 5.4269 us/op
WorkloadActual  24: 131072 op, 690712200.00 ns, 5.2697 us/op
WorkloadActual  25: 131072 op, 662698900.00 ns, 5.0560 us/op
WorkloadActual  26: 131072 op, 702913900.00 ns, 5.3628 us/op
WorkloadActual  27: 131072 op, 670462100.00 ns, 5.1152 us/op
WorkloadActual  28: 131072 op, 680181300.00 ns, 5.1894 us/op
WorkloadActual  29: 131072 op, 684402500.00 ns, 5.2216 us/op
WorkloadActual  30: 131072 op, 692362600.00 ns, 5.2823 us/op
WorkloadActual  31: 131072 op, 695727200.00 ns, 5.3080 us/op
WorkloadActual  32: 131072 op, 711631400.00 ns, 5.4293 us/op
WorkloadActual  33: 131072 op, 700481900.00 ns, 5.3443 us/op
WorkloadActual  34: 131072 op, 664423500.00 ns, 5.0691 us/op
WorkloadActual  35: 131072 op, 707798300.00 ns, 5.4001 us/op
WorkloadActual  36: 131072 op, 686835200.00 ns, 5.2401 us/op

// AfterActualRun
WorkloadResult   1: 131072 op, 716530700.00 ns, 5.4667 us/op
WorkloadResult   2: 131072 op, 733013700.00 ns, 5.5925 us/op
WorkloadResult   3: 131072 op, 668365800.00 ns, 5.0992 us/op
WorkloadResult   4: 131072 op, 709540800.00 ns, 5.4134 us/op
WorkloadResult   5: 131072 op, 732013500.00 ns, 5.5848 us/op
WorkloadResult   6: 131072 op, 750480200.00 ns, 5.7257 us/op
WorkloadResult   7: 131072 op, 682720500.00 ns, 5.2087 us/op
WorkloadResult   8: 131072 op, 677560200.00 ns, 5.1694 us/op
WorkloadResult   9: 131072 op, 735379400.00 ns, 5.6105 us/op
WorkloadResult  10: 131072 op, 698057300.00 ns, 5.3258 us/op
WorkloadResult  11: 131072 op, 687074100.00 ns, 5.2420 us/op
WorkloadResult  12: 131072 op, 678920600.00 ns, 5.1798 us/op
WorkloadResult  13: 131072 op, 672918200.00 ns, 5.1340 us/op
WorkloadResult  14: 131072 op, 670683500.00 ns, 5.1169 us/op
WorkloadResult  15: 131072 op, 668860000.00 ns, 5.1030 us/op
WorkloadResult  16: 131072 op, 678299600.00 ns, 5.1750 us/op
WorkloadResult  17: 131072 op, 716848900.00 ns, 5.4691 us/op
WorkloadResult  18: 131072 op, 692717100.00 ns, 5.2850 us/op
WorkloadResult  19: 131072 op, 695814200.00 ns, 5.3086 us/op
WorkloadResult  20: 131072 op, 691309700.00 ns, 5.2743 us/op
WorkloadResult  21: 131072 op, 710710200.00 ns, 5.4223 us/op
WorkloadResult  22: 131072 op, 690107600.00 ns, 5.2651 us/op
WorkloadResult  23: 131072 op, 662094300.00 ns, 5.0514 us/op
WorkloadResult  24: 131072 op, 702309300.00 ns, 5.3582 us/op
WorkloadResult  25: 131072 op, 669857500.00 ns, 5.1106 us/op
WorkloadResult  26: 131072 op, 679576700.00 ns, 5.1848 us/op
WorkloadResult  27: 131072 op, 683797900.00 ns, 5.2170 us/op
WorkloadResult  28: 131072 op, 691758000.00 ns, 5.2777 us/op
WorkloadResult  29: 131072 op, 695122600.00 ns, 5.3034 us/op
WorkloadResult  30: 131072 op, 711026800.00 ns, 5.4247 us/op
WorkloadResult  31: 131072 op, 699877300.00 ns, 5.3396 us/op
WorkloadResult  32: 131072 op, 663818900.00 ns, 5.0645 us/op
WorkloadResult  33: 131072 op, 707193700.00 ns, 5.3955 us/op
WorkloadResult  34: 131072 op, 686230600.00 ns, 5.2355 us/op
// GC:  2037 169 0 8545894400 131072
// Threading:  0 0 131072

// AfterAll
// Benchmark Process 17204 has exited with code 0.

Mean = 5.298 μs, StdErr = 0.029 μs (0.55%), N = 34, StdDev = 0.169 μs
Min = 5.051 μs, Q1 = 5.176 μs, Median = 5.276 μs, Q3 = 5.409 μs, Max = 5.726 μs
IQR = 0.233 μs, LowerFence = 4.827 μs, UpperFence = 5.758 μs
ConfidenceInterval = [5.194 μs; 5.402 μs] (CI 99.9%), Margin = 0.104 μs (1.97% of Mean)
Skewness = 0.65, Kurtosis = 2.67, MValue = 2

// ** Remained 2 (25.0%) benchmark(s) to run. Estimated finish 2026-09-16 5:16 (0h 1m from now) **
Setup power plan (GUID: 8c5e7fda-e8bf-4a96-9a85-a6e23a8c635c FriendlyName: High performance)
// **************************
// Benchmark: StringBenchmark.StringConcatenation: DefaultJob [Iterations=100000]
// *** Execute ***
// Launch: 1 / 1
// Execute: dotnet CSharpAssiginment4-DefaultJob-1.dll --anonymousPipes 1356 1436 --benchmarkName "StringBenchmark.StringConcatenation(Iterations: 100000)" --job Default --benchmarkId 6 in C:\Users\com\source\repos\CSharpAssiginment4\CSharpAssiginment4\bin\Release\net10.0\CSharpAssiginment4-DefaultJob-1\bin\Release\net10.0
// BeforeAnythingElse

// Benchmark Process Environment Information:
// BenchmarkDotNet v0.15.8
// Runtime=.NET 10.0.12 (10.0.12, 10.0.1226.42308), X64 RyuJIT x86-64-v3
// GC=Concurrent Workstation
// HardwareIntrinsics=AVX2+BMI1+BMI2+F16C+FMA+LZCNT+MOVBE,AVX,SSE3+SSSE3+SSE4.1+SSE4.2+POPCNT,X86Base+SSE+SSE2,AES+PCLMUL VectorSize=256
// Job: DefaultJob

OverheadJitting  1: 1 op, 225200.00 ns, 225.2000 us/op
WorkloadJitting  1: 1 op, 5566600.00 ns, 5.5666 ms/op

OverheadJitting  2: 16 op, 722700.00 ns, 45.1688 us/op
WorkloadJitting  2: 16 op, 31201100.00 ns, 1.9501 ms/op

WorkloadPilot    1: 16 op, 19255000.00 ns, 1.2034 ms/op
WorkloadPilot    2: 32 op, 40661800.00 ns, 1.2707 ms/op
WorkloadPilot    3: 64 op, 75174100.00 ns, 1.1746 ms/op
WorkloadPilot    4: 128 op, 135267500.00 ns, 1.0568 ms/op
WorkloadPilot    5: 256 op, 286764800.00 ns, 1.1202 ms/op
WorkloadPilot    6: 512 op, 539248800.00 ns, 1.0532 ms/op

OverheadWarmup   1: 512 op, 4000.00 ns, 7.8125 ns/op
OverheadWarmup   2: 512 op, 2600.00 ns, 5.0781 ns/op
OverheadWarmup   3: 512 op, 2500.00 ns, 4.8828 ns/op
OverheadWarmup   4: 512 op, 2500.00 ns, 4.8828 ns/op
OverheadWarmup   5: 512 op, 2600.00 ns, 5.0781 ns/op
OverheadWarmup   6: 512 op, 2500.00 ns, 4.8828 ns/op
OverheadWarmup   7: 512 op, 2500.00 ns, 4.8828 ns/op

OverheadActual   1: 512 op, 2500.00 ns, 4.8828 ns/op
OverheadActual   2: 512 op, 2700.00 ns, 5.2734 ns/op
OverheadActual   3: 512 op, 3000.00 ns, 5.8594 ns/op
OverheadActual   4: 512 op, 2600.00 ns, 5.0781 ns/op
OverheadActual   5: 512 op, 2600.00 ns, 5.0781 ns/op
OverheadActual   6: 512 op, 2500.00 ns, 4.8828 ns/op
OverheadActual   7: 512 op, 2400.00 ns, 4.6875 ns/op
OverheadActual   8: 512 op, 2600.00 ns, 5.0781 ns/op
OverheadActual   9: 512 op, 2500.00 ns, 4.8828 ns/op
OverheadActual  10: 512 op, 3700.00 ns, 7.2266 ns/op
OverheadActual  11: 512 op, 2600.00 ns, 5.0781 ns/op
OverheadActual  12: 512 op, 2500.00 ns, 4.8828 ns/op
OverheadActual  13: 512 op, 2500.00 ns, 4.8828 ns/op
OverheadActual  14: 512 op, 2400.00 ns, 4.6875 ns/op
OverheadActual  15: 512 op, 2600.00 ns, 5.0781 ns/op

WorkloadWarmup   1: 512 op, 533884000.00 ns, 1.0427 ms/op
WorkloadWarmup   2: 512 op, 524489700.00 ns, 1.0244 ms/op
WorkloadWarmup   3: 512 op, 514298800.00 ns, 1.0045 ms/op
WorkloadWarmup   4: 512 op, 527324300.00 ns, 1.0299 ms/op
WorkloadWarmup   5: 512 op, 558754900.00 ns, 1.0913 ms/op
WorkloadWarmup   6: 512 op, 545347000.00 ns, 1.0651 ms/op
WorkloadWarmup   7: 512 op, 555464300.00 ns, 1.0849 ms/op
WorkloadWarmup   8: 512 op, 532624400.00 ns, 1.0403 ms/op

// BeforeActualRun
WorkloadActual   1: 512 op, 554222100.00 ns, 1.0825 ms/op
WorkloadActual   2: 512 op, 555905800.00 ns, 1.0858 ms/op
WorkloadActual   3: 512 op, 557836600.00 ns, 1.0895 ms/op
WorkloadActual   4: 512 op, 544557100.00 ns, 1.0636 ms/op
WorkloadActual   5: 512 op, 562278800.00 ns, 1.0982 ms/op
WorkloadActual   6: 512 op, 561318800.00 ns, 1.0963 ms/op
WorkloadActual   7: 512 op, 563330600.00 ns, 1.1003 ms/op
WorkloadActual   8: 512 op, 563282800.00 ns, 1.1002 ms/op
WorkloadActual   9: 512 op, 549919400.00 ns, 1.0741 ms/op
WorkloadActual  10: 512 op, 549012100.00 ns, 1.0723 ms/op
WorkloadActual  11: 512 op, 542610300.00 ns, 1.0598 ms/op
WorkloadActual  12: 512 op, 526580800.00 ns, 1.0285 ms/op
WorkloadActual  13: 512 op, 532599700.00 ns, 1.0402 ms/op
WorkloadActual  14: 512 op, 527493600.00 ns, 1.0303 ms/op
WorkloadActual  15: 512 op, 567762300.00 ns, 1.1089 ms/op
WorkloadActual  16: 512 op, 532757300.00 ns, 1.0405 ms/op
WorkloadActual  17: 512 op, 553224900.00 ns, 1.0805 ms/op
WorkloadActual  18: 512 op, 509628900.00 ns, 995.3689 us/op
WorkloadActual  19: 512 op, 552211100.00 ns, 1.0785 ms/op
WorkloadActual  20: 512 op, 508077400.00 ns, 992.3387 us/op
WorkloadActual  21: 512 op, 509997400.00 ns, 996.0887 us/op
WorkloadActual  22: 512 op, 499726900.00 ns, 976.0291 us/op
WorkloadActual  23: 512 op, 531841000.00 ns, 1.0388 ms/op
WorkloadActual  24: 512 op, 517818400.00 ns, 1.0114 ms/op
WorkloadActual  25: 512 op, 514157600.00 ns, 1.0042 ms/op
WorkloadActual  26: 512 op, 496660600.00 ns, 970.0402 us/op
WorkloadActual  27: 512 op, 555617700.00 ns, 1.0852 ms/op
WorkloadActual  28: 512 op, 526912900.00 ns, 1.0291 ms/op
WorkloadActual  29: 512 op, 506262800.00 ns, 988.7945 us/op
WorkloadActual  30: 512 op, 515148000.00 ns, 1.0061 ms/op
WorkloadActual  31: 512 op, 519855300.00 ns, 1.0153 ms/op
WorkloadActual  32: 512 op, 482957700.00 ns, 943.2768 us/op
WorkloadActual  33: 512 op, 521852700.00 ns, 1.0192 ms/op
WorkloadActual  34: 512 op, 506315200.00 ns, 988.8969 us/op
WorkloadActual  35: 512 op, 507053500.00 ns, 990.3389 us/op
WorkloadActual  36: 512 op, 514163600.00 ns, 1.0042 ms/op
WorkloadActual  37: 512 op, 522160600.00 ns, 1.0198 ms/op
WorkloadActual  38: 512 op, 499104300.00 ns, 974.8131 us/op
WorkloadActual  39: 512 op, 491877300.00 ns, 960.6979 us/op
WorkloadActual  40: 512 op, 499634100.00 ns, 975.8479 us/op
WorkloadActual  41: 512 op, 489060700.00 ns, 955.1967 us/op
WorkloadActual  42: 512 op, 502437900.00 ns, 981.3240 us/op
WorkloadActual  43: 512 op, 507162400.00 ns, 990.5516 us/op
WorkloadActual  44: 512 op, 535300800.00 ns, 1.0455 ms/op
WorkloadActual  45: 512 op, 500128600.00 ns, 976.8137 us/op
WorkloadActual  46: 512 op, 517785100.00 ns, 1.0113 ms/op
WorkloadActual  47: 512 op, 475369300.00 ns, 928.4557 us/op
WorkloadActual  48: 512 op, 524350100.00 ns, 1.0241 ms/op
WorkloadActual  49: 512 op, 506339000.00 ns, 988.9434 us/op
WorkloadActual  50: 512 op, 495361600.00 ns, 967.5031 us/op
WorkloadActual  51: 512 op, 505909200.00 ns, 988.1039 us/op
WorkloadActual  52: 512 op, 526688800.00 ns, 1.0287 ms/op
WorkloadActual  53: 512 op, 493319500.00 ns, 963.5146 us/op
WorkloadActual  54: 512 op, 501670000.00 ns, 979.8242 us/op
WorkloadActual  55: 512 op, 502754500.00 ns, 981.9424 us/op
WorkloadActual  56: 512 op, 507263200.00 ns, 990.7484 us/op
WorkloadActual  57: 512 op, 496076900.00 ns, 968.9002 us/op
WorkloadActual  58: 512 op, 499005500.00 ns, 974.6201 us/op
WorkloadActual  59: 512 op, 485728600.00 ns, 948.6887 us/op
WorkloadActual  60: 512 op, 503413900.00 ns, 983.2303 us/op
WorkloadActual  61: 512 op, 488219800.00 ns, 953.5543 us/op
WorkloadActual  62: 512 op, 483209300.00 ns, 943.7682 us/op
WorkloadActual  63: 512 op, 504027800.00 ns, 984.4293 us/op
WorkloadActual  64: 512 op, 489810500.00 ns, 956.6611 us/op
WorkloadActual  65: 512 op, 499122500.00 ns, 974.8486 us/op
WorkloadActual  66: 512 op, 494682500.00 ns, 966.1768 us/op

// AfterActualRun
WorkloadResult   1: 512 op, 554219500.00 ns, 1.0825 ms/op
WorkloadResult   2: 512 op, 555903200.00 ns, 1.0857 ms/op
WorkloadResult   3: 512 op, 557834000.00 ns, 1.0895 ms/op
WorkloadResult   4: 512 op, 544554500.00 ns, 1.0636 ms/op
WorkloadResult   5: 512 op, 562276200.00 ns, 1.0982 ms/op
WorkloadResult   6: 512 op, 561316200.00 ns, 1.0963 ms/op
WorkloadResult   7: 512 op, 563328000.00 ns, 1.1003 ms/op
WorkloadResult   8: 512 op, 563280200.00 ns, 1.1002 ms/op
WorkloadResult   9: 512 op, 549916800.00 ns, 1.0741 ms/op
WorkloadResult  10: 512 op, 549009500.00 ns, 1.0723 ms/op
WorkloadResult  11: 512 op, 542607700.00 ns, 1.0598 ms/op
WorkloadResult  12: 512 op, 526578200.00 ns, 1.0285 ms/op
WorkloadResult  13: 512 op, 532597100.00 ns, 1.0402 ms/op
WorkloadResult  14: 512 op, 527491000.00 ns, 1.0303 ms/op
WorkloadResult  15: 512 op, 567759700.00 ns, 1.1089 ms/op
WorkloadResult  16: 512 op, 532754700.00 ns, 1.0405 ms/op
WorkloadResult  17: 512 op, 553222300.00 ns, 1.0805 ms/op
WorkloadResult  18: 512 op, 509626300.00 ns, 995.3639 us/op
WorkloadResult  19: 512 op, 552208500.00 ns, 1.0785 ms/op
WorkloadResult  20: 512 op, 508074800.00 ns, 992.3336 us/op
WorkloadResult  21: 512 op, 509994800.00 ns, 996.0836 us/op
WorkloadResult  22: 512 op, 499724300.00 ns, 976.0240 us/op
WorkloadResult  23: 512 op, 531838400.00 ns, 1.0387 ms/op
WorkloadResult  24: 512 op, 517815800.00 ns, 1.0114 ms/op
WorkloadResult  25: 512 op, 514155000.00 ns, 1.0042 ms/op
WorkloadResult  26: 512 op, 496658000.00 ns, 970.0352 us/op
WorkloadResult  27: 512 op, 555615100.00 ns, 1.0852 ms/op
WorkloadResult  28: 512 op, 526910300.00 ns, 1.0291 ms/op
WorkloadResult  29: 512 op, 506260200.00 ns, 988.7895 us/op
WorkloadResult  30: 512 op, 515145400.00 ns, 1.0061 ms/op
WorkloadResult  31: 512 op, 519852700.00 ns, 1.0153 ms/op
WorkloadResult  32: 512 op, 482955100.00 ns, 943.2717 us/op
WorkloadResult  33: 512 op, 521850100.00 ns, 1.0192 ms/op
WorkloadResult  34: 512 op, 506312600.00 ns, 988.8918 us/op
WorkloadResult  35: 512 op, 507050900.00 ns, 990.3338 us/op
WorkloadResult  36: 512 op, 514161000.00 ns, 1.0042 ms/op
WorkloadResult  37: 512 op, 522158000.00 ns, 1.0198 ms/op
WorkloadResult  38: 512 op, 499101700.00 ns, 974.8080 us/op
WorkloadResult  39: 512 op, 491874700.00 ns, 960.6928 us/op
WorkloadResult  40: 512 op, 499631500.00 ns, 975.8428 us/op
WorkloadResult  41: 512 op, 489058100.00 ns, 955.1916 us/op
WorkloadResult  42: 512 op, 502435300.00 ns, 981.3189 us/op
WorkloadResult  43: 512 op, 507159800.00 ns, 990.5465 us/op
WorkloadResult  44: 512 op, 535298200.00 ns, 1.0455 ms/op
WorkloadResult  45: 512 op, 500126000.00 ns, 976.8086 us/op
WorkloadResult  46: 512 op, 517782500.00 ns, 1.0113 ms/op
WorkloadResult  47: 512 op, 475366700.00 ns, 928.4506 us/op
WorkloadResult  48: 512 op, 524347500.00 ns, 1.0241 ms/op
WorkloadResult  49: 512 op, 506336400.00 ns, 988.9383 us/op
WorkloadResult  50: 512 op, 495359000.00 ns, 967.4980 us/op
WorkloadResult  51: 512 op, 505906600.00 ns, 988.0988 us/op
WorkloadResult  52: 512 op, 526686200.00 ns, 1.0287 ms/op
WorkloadResult  53: 512 op, 493316900.00 ns, 963.5096 us/op
WorkloadResult  54: 512 op, 501667400.00 ns, 979.8191 us/op
WorkloadResult  55: 512 op, 502751900.00 ns, 981.9373 us/op
WorkloadResult  56: 512 op, 507260600.00 ns, 990.7434 us/op
WorkloadResult  57: 512 op, 496074300.00 ns, 968.8951 us/op
WorkloadResult  58: 512 op, 499002900.00 ns, 974.6150 us/op
WorkloadResult  59: 512 op, 485726000.00 ns, 948.6836 us/op
WorkloadResult  60: 512 op, 503411300.00 ns, 983.2252 us/op
WorkloadResult  61: 512 op, 488217200.00 ns, 953.5492 us/op
WorkloadResult  62: 512 op, 483206700.00 ns, 943.7631 us/op
WorkloadResult  63: 512 op, 504025200.00 ns, 984.4242 us/op
WorkloadResult  64: 512 op, 489807900.00 ns, 956.6561 us/op
WorkloadResult  65: 512 op, 499119900.00 ns, 974.8436 us/op
WorkloadResult  66: 512 op, 494679900.00 ns, 966.1717 us/op
// GC:  1956 0 0 8212451328 512
// Threading:  0 0 512

// AfterAll
// Benchmark Process 24484 has exited with code 0.

Mean = 1.012 ms, StdErr = 0.006 ms (0.58%), N = 66, StdDev = 0.048 ms
Min = 0.928 ms, Q1 = 0.976 ms, Median = 0.996 ms, Q3 = 1.040 ms, Max = 1.109 ms
IQR = 0.065 ms, LowerFence = 0.879 ms, UpperFence = 1.137 ms
ConfidenceInterval = [0.991 ms; 1.032 ms] (CI 99.9%), Margin = 0.020 ms (2.00% of Mean)
Skewness = 0.5, Kurtosis = 2.08, MValue = 2.48

// ** Remained 1 (12.5%) benchmark(s) to run. Estimated finish 2026-09-16 5:16 (0h 0m from now) **
Setup power plan (GUID: 8c5e7fda-e8bf-4a96-9a85-a6e23a8c635c FriendlyName: High performance)
// **************************
// Benchmark: StringBenchmark.StringBuilderConcatenation: DefaultJob [Iterations=100000]
// *** Execute ***
// Launch: 1 / 1
// Execute: dotnet CSharpAssiginment4-DefaultJob-1.dll --anonymousPipes 1436 1508 --benchmarkName "StringBenchmark.StringBuilderConcatenation(Iterations: 100000)" --job Default --benchmarkId 7 in C:\Users\com\source\repos\CSharpAssiginment4\CSharpAssiginment4\bin\Release\net10.0\CSharpAssiginment4-DefaultJob-1\bin\Release\net10.0
// BeforeAnythingElse

// Benchmark Process Environment Information:
// BenchmarkDotNet v0.15.8
// Runtime=.NET 10.0.12 (10.0.12, 10.0.1226.42308), X64 RyuJIT x86-64-v3
// GC=Concurrent Workstation
// HardwareIntrinsics=AVX2+BMI1+BMI2+F16C+FMA+LZCNT+MOVBE,AVX,SSE3+SSSE3+SSE4.1+SSE4.2+POPCNT,X86Base+SSE+SSE2,AES+PCLMUL VectorSize=256
// Job: DefaultJob

OverheadJitting  1: 1 op, 211500.00 ns, 211.5000 us/op
WorkloadJitting  1: 1 op, 441700.00 ns, 441.7000 us/op

OverheadJitting  2: 16 op, 513300.00 ns, 32.0813 us/op
WorkloadJitting  2: 16 op, 2223600.00 ns, 138.9750 us/op

WorkloadPilot    1: 16 op, 574600.00 ns, 35.9125 us/op
WorkloadPilot    2: 32 op, 1184600.00 ns, 37.0188 us/op
WorkloadPilot    3: 64 op, 1532100.00 ns, 23.9391 us/op
WorkloadPilot    4: 128 op, 2356700.00 ns, 18.4117 us/op
WorkloadPilot    5: 256 op, 4163300.00 ns, 16.2629 us/op
WorkloadPilot    6: 512 op, 10385800.00 ns, 20.2848 us/op
WorkloadPilot    7: 1024 op, 18126900.00 ns, 17.7021 us/op
WorkloadPilot    8: 2048 op, 38840000.00 ns, 18.9648 us/op
WorkloadPilot    9: 4096 op, 62508700.00 ns, 15.2609 us/op
WorkloadPilot   10: 8192 op, 162447200.00 ns, 19.8300 us/op
WorkloadPilot   11: 16384 op, 84863200.00 ns, 5.1796 us/op
WorkloadPilot   12: 32768 op, 160195400.00 ns, 4.8888 us/op
WorkloadPilot   13: 65536 op, 338375600.00 ns, 5.1632 us/op
WorkloadPilot   14: 131072 op, 640025500.00 ns, 4.8830 us/op

OverheadWarmup   1: 131072 op, 481300.00 ns, 3.6720 ns/op
OverheadWarmup   2: 131072 op, 546400.00 ns, 4.1687 ns/op
OverheadWarmup   3: 131072 op, 482000.00 ns, 3.6774 ns/op
OverheadWarmup   4: 131072 op, 476400.00 ns, 3.6346 ns/op
OverheadWarmup   5: 131072 op, 477100.00 ns, 3.6400 ns/op
OverheadWarmup   6: 131072 op, 477400.00 ns, 3.6423 ns/op
OverheadWarmup   7: 131072 op, 478100.00 ns, 3.6476 ns/op
OverheadWarmup   8: 131072 op, 477500.00 ns, 3.6430 ns/op

OverheadActual   1: 131072 op, 476500.00 ns, 3.6354 ns/op
OverheadActual   2: 131072 op, 478200.00 ns, 3.6484 ns/op
OverheadActual   3: 131072 op, 477800.00 ns, 3.6453 ns/op
OverheadActual   4: 131072 op, 477300.00 ns, 3.6415 ns/op
OverheadActual   5: 131072 op, 478300.00 ns, 3.6491 ns/op
OverheadActual   6: 131072 op, 478500.00 ns, 3.6507 ns/op
OverheadActual   7: 131072 op, 479500.00 ns, 3.6583 ns/op
OverheadActual   8: 131072 op, 473500.00 ns, 3.6125 ns/op
OverheadActual   9: 131072 op, 473500.00 ns, 3.6125 ns/op
OverheadActual  10: 131072 op, 475600.00 ns, 3.6285 ns/op
OverheadActual  11: 131072 op, 476700.00 ns, 3.6369 ns/op
OverheadActual  12: 131072 op, 475400.00 ns, 3.6270 ns/op
OverheadActual  13: 131072 op, 480500.00 ns, 3.6659 ns/op
OverheadActual  14: 131072 op, 477400.00 ns, 3.6423 ns/op
OverheadActual  15: 131072 op, 532500.00 ns, 4.0627 ns/op

WorkloadWarmup   1: 131072 op, 731838300.00 ns, 5.5835 us/op
WorkloadWarmup   2: 131072 op, 664491700.00 ns, 5.0697 us/op
WorkloadWarmup   3: 131072 op, 664399700.00 ns, 5.0690 us/op
WorkloadWarmup   4: 131072 op, 651835300.00 ns, 4.9731 us/op
WorkloadWarmup   5: 131072 op, 667244500.00 ns, 5.0907 us/op
WorkloadWarmup   6: 131072 op, 657050800.00 ns, 5.0129 us/op
WorkloadWarmup   7: 131072 op, 676177600.00 ns, 5.1588 us/op
WorkloadWarmup   8: 131072 op, 656758700.00 ns, 5.0107 us/op

// BeforeActualRun
WorkloadActual   1: 131072 op, 669434600.00 ns, 5.1074 us/op
WorkloadActual   2: 131072 op, 664031200.00 ns, 5.0662 us/op
WorkloadActual   3: 131072 op, 664428300.00 ns, 5.0692 us/op
WorkloadActual   4: 131072 op, 666486000.00 ns, 5.0849 us/op
WorkloadActual   5: 131072 op, 665779400.00 ns, 5.0795 us/op
WorkloadActual   6: 131072 op, 658151200.00 ns, 5.0213 us/op
WorkloadActual   7: 131072 op, 698855200.00 ns, 5.3318 us/op
WorkloadActual   8: 131072 op, 682208800.00 ns, 5.2048 us/op
WorkloadActual   9: 131072 op, 684899000.00 ns, 5.2254 us/op
WorkloadActual  10: 131072 op, 678592000.00 ns, 5.1772 us/op
WorkloadActual  11: 131072 op, 721115200.00 ns, 5.5017 us/op
WorkloadActual  12: 131072 op, 671224300.00 ns, 5.1210 us/op
WorkloadActual  13: 131072 op, 670877100.00 ns, 5.1184 us/op
WorkloadActual  14: 131072 op, 684606900.00 ns, 5.2231 us/op
WorkloadActual  15: 131072 op, 668186400.00 ns, 5.0979 us/op

// AfterActualRun
WorkloadResult   1: 131072 op, 668957200.00 ns, 5.1037 us/op
WorkloadResult   2: 131072 op, 663553800.00 ns, 5.0625 us/op
WorkloadResult   3: 131072 op, 663950900.00 ns, 5.0655 us/op
WorkloadResult   4: 131072 op, 666008600.00 ns, 5.0812 us/op
WorkloadResult   5: 131072 op, 665302000.00 ns, 5.0759 us/op
WorkloadResult   6: 131072 op, 657673800.00 ns, 5.0177 us/op
WorkloadResult   7: 131072 op, 698377800.00 ns, 5.3282 us/op
WorkloadResult   8: 131072 op, 681731400.00 ns, 5.2012 us/op
WorkloadResult   9: 131072 op, 684421600.00 ns, 5.2217 us/op
WorkloadResult  10: 131072 op, 678114600.00 ns, 5.1736 us/op
WorkloadResult  11: 131072 op, 670746900.00 ns, 5.1174 us/op
WorkloadResult  12: 131072 op, 670399700.00 ns, 5.1147 us/op
WorkloadResult  13: 131072 op, 684129500.00 ns, 5.2195 us/op
WorkloadResult  14: 131072 op, 667709000.00 ns, 5.0942 us/op
// GC:  2037 169 0 8545894400 131072
// Threading:  0 0 131072

// AfterAll
// Benchmark Process 272 has exited with code 0.

Mean = 5.134 μs, StdErr = 0.022 μs (0.44%), N = 14, StdDev = 0.084 μs
Min = 5.018 μs, Q1 = 5.077 μs, Median = 5.109 μs, Q3 = 5.194 μs, Max = 5.328 μs
IQR = 0.117 μs, LowerFence = 4.902 μs, UpperFence = 5.370 μs
ConfidenceInterval = [5.039 μs; 5.229 μs] (CI 99.9%), Margin = 0.095 μs (1.84% of Mean)
Skewness = 0.76, Kurtosis = 2.61, MValue = 2

// ** Remained 0 (0.0%) benchmark(s) to run. Estimated finish 2026-09-16 5:16 (0h 0m from now) **
Successfully reverted power plan (GUID: 8c5e7fda-e8bf-4a96-9a85-a6e23a8c635c FriendlyName: High performance)
// ***** BenchmarkRunner: Finish  *****

// * Export *
  BenchmarkDotNet.Artifacts\results\StringBenchmark-report.csv
  BenchmarkDotNet.Artifacts\results\StringBenchmark-report-github.md
  BenchmarkDotNet.Artifacts\results\StringBenchmark-report.html

// * Detailed results *
StringBenchmark.StringConcatenation: DefaultJob [Iterations=100]
Runtime = .NET 10.0.12 (10.0.12, 10.0.1226.42308), X64 RyuJIT x86-64-v3; GC = Concurrent Workstation
Mean = 1.247 ms, StdErr = 0.007 ms (0.56%), N = 46, StdDev = 0.047 ms
Min = 1.150 ms, Q1 = 1.214 ms, Median = 1.255 ms, Q3 = 1.281 ms, Max = 1.320 ms
IQR = 0.067 ms, LowerFence = 1.114 ms, UpperFence = 1.380 ms
ConfidenceInterval = [1.222 ms; 1.272 ms] (CI 99.9%), Margin = 0.025 ms (1.98% of Mean)
Skewness = -0.48, Kurtosis = 2.25, MValue = 2
-------------------- Histogram --------------------
[1.143 ms ; 1.177 ms) | @@@@@
[1.177 ms ; 1.211 ms) | @@@@@@@
[1.211 ms ; 1.269 ms) | @@@@@@@@@@@@@@@@@@@
[1.269 ms ; 1.338 ms) | @@@@@@@@@@@@@@@
---------------------------------------------------

StringBenchmark.StringBuilderConcatenation: DefaultJob [Iterations=100]
Runtime = .NET 10.0.12 (10.0.12, 10.0.1226.42308), X64 RyuJIT x86-64-v3; GC = Concurrent Workstation
Mean = 5.554 μs, StdErr = 0.033 μs (0.59%), N = 99, StdDev = 0.324 μs
Min = 5.043 μs, Q1 = 5.271 μs, Median = 5.507 μs, Q3 = 5.790 μs, Max = 6.359 μs
IQR = 0.519 μs, LowerFence = 4.491 μs, UpperFence = 6.569 μs
ConfidenceInterval = [5.444 μs; 5.665 μs] (CI 99.9%), Margin = 0.110 μs (1.99% of Mean)
Skewness = 0.39, Kurtosis = 2.18, MValue = 2
-------------------- Histogram --------------------
[4.951 μs ; 5.112 μs) | @@@@@@
[5.112 μs ; 5.372 μs) | @@@@@@@@@@@@@@@@@@@@@@@@@@
[5.372 μs ; 5.556 μs) | @@@@@@@@@@@@@@@@@@@@@@@@
[5.556 μs ; 5.770 μs) | @@@@@@@@@@@@@@@@@
[5.770 μs ; 6.000 μs) | @@@@@@@@@@@@@@@@@
[6.000 μs ; 6.194 μs) | @@@@@@@
[6.194 μs ; 6.405 μs) | @@
---------------------------------------------------

StringBenchmark.StringConcatenation: DefaultJob [Iterations=1000]
Runtime = .NET 10.0.12 (10.0.12, 10.0.1226.42308), X64 RyuJIT x86-64-v3; GC = Concurrent Workstation
Mean = 1.102 ms, StdErr = 0.006 ms (0.58%), N = 60, StdDev = 0.049 ms
Min = 1.002 ms, Q1 = 1.067 ms, Median = 1.096 ms, Q3 = 1.142 ms, Max = 1.220 ms
IQR = 0.075 ms, LowerFence = 0.954 ms, UpperFence = 1.255 ms
ConfidenceInterval = [1.080 ms; 1.124 ms] (CI 99.9%), Margin = 0.022 ms (1.99% of Mean)
Skewness = 0.21, Kurtosis = 2.37, MValue = 2.35
-------------------- Histogram --------------------
[0.985 ms ; 1.010 ms) | @
[1.010 ms ; 1.037 ms) | @@@@
[1.037 ms ; 1.074 ms) | @@@@@@@@@@@@
[1.074 ms ; 1.107 ms) | @@@@@@@@@@@@@@@@@
[1.107 ms ; 1.141 ms) | @@@@@@@@@@
[1.141 ms ; 1.173 ms) | @@@@@@@@@@@@@
[1.173 ms ; 1.222 ms) | @@@
---------------------------------------------------

StringBenchmark.StringBuilderConcatenation: DefaultJob [Iterations=1000]
Runtime = .NET 10.0.12 (10.0.12, 10.0.1226.42308), X64 RyuJIT x86-64-v3; GC = Concurrent Workstation
Mean = 5.196 μs, StdErr = 0.020 μs (0.38%), N = 15, StdDev = 0.077 μs
Min = 5.058 μs, Q1 = 5.150 μs, Median = 5.193 μs, Q3 = 5.224 μs, Max = 5.357 μs
IQR = 0.074 μs, LowerFence = 5.040 μs, UpperFence = 5.334 μs
ConfidenceInterval = [5.114 μs; 5.278 μs] (CI 99.9%), Margin = 0.082 μs (1.58% of Mean)
Skewness = 0.44, Kurtosis = 2.71, MValue = 2
-------------------- Histogram --------------------
[5.033 μs ; 5.236 μs) | @@@@@@@@@@@@
[5.236 μs ; 5.398 μs) | @@@
---------------------------------------------------

StringBenchmark.StringConcatenation: DefaultJob [Iterations=10000]
Runtime = .NET 10.0.12 (10.0.12, 10.0.1226.42308), X64 RyuJIT x86-64-v3; GC = Concurrent Workstation
Mean = 1.056 ms, StdErr = 0.006 ms (0.59%), N = 87, StdDev = 0.058 ms
Min = 0.966 ms, Q1 = 1.014 ms, Median = 1.042 ms, Q3 = 1.084 ms, Max = 1.231 ms
IQR = 0.070 ms, LowerFence = 0.909 ms, UpperFence = 1.190 ms
ConfidenceInterval = [1.035 ms; 1.077 ms] (CI 99.9%), Margin = 0.021 ms (2.00% of Mean)
Skewness = 1.07, Kurtosis = 3.56, MValue = 2.5
-------------------- Histogram --------------------
[0.962 ms ; 0.998 ms) | @@@@@@@
[0.998 ms ; 1.032 ms) | @@@@@@@@@@@@@@@@@@@@@@@@@@@@@@@
[1.032 ms ; 1.072 ms) | @@@@@@@@@@@@@@@@@@@@@@@@
[1.072 ms ; 1.124 ms) | @@@@@@@@@@@@@@@@
[1.124 ms ; 1.157 ms) | @
[1.157 ms ; 1.192 ms) | @@@@@
[1.192 ms ; 1.221 ms) | @@
[1.221 ms ; 1.248 ms) | @
---------------------------------------------------

StringBenchmark.StringBuilderConcatenation: DefaultJob [Iterations=10000]
Runtime = .NET 10.0.12 (10.0.12, 10.0.1226.42308), X64 RyuJIT x86-64-v3; GC = Concurrent Workstation
Mean = 5.298 μs, StdErr = 0.029 μs (0.55%), N = 34, StdDev = 0.169 μs
Min = 5.051 μs, Q1 = 5.176 μs, Median = 5.276 μs, Q3 = 5.409 μs, Max = 5.726 μs
IQR = 0.233 μs, LowerFence = 4.827 μs, UpperFence = 5.758 μs
ConfidenceInterval = [5.194 μs; 5.402 μs] (CI 99.9%), Margin = 0.104 μs (1.97% of Mean)
Skewness = 0.65, Kurtosis = 2.67, MValue = 2
-------------------- Histogram --------------------
[5.042 μs ; 5.174 μs) | @@@@@@@@
[5.174 μs ; 5.310 μs) | @@@@@@@@@@@@@
[5.310 μs ; 5.473 μs) | @@@@@@@@@
[5.473 μs ; 5.666 μs) | @@@
[5.666 μs ; 5.794 μs) | @
---------------------------------------------------

StringBenchmark.StringConcatenation: DefaultJob [Iterations=100000]
Runtime = .NET 10.0.12 (10.0.12, 10.0.1226.42308), X64 RyuJIT x86-64-v3; GC = Concurrent Workstation
Mean = 1.012 ms, StdErr = 0.006 ms (0.58%), N = 66, StdDev = 0.048 ms
Min = 0.928 ms, Q1 = 0.976 ms, Median = 0.996 ms, Q3 = 1.040 ms, Max = 1.109 ms
IQR = 0.065 ms, LowerFence = 0.879 ms, UpperFence = 1.137 ms
ConfidenceInterval = [0.991 ms; 1.032 ms] (CI 99.9%), Margin = 0.020 ms (2.00% of Mean)
Skewness = 0.5, Kurtosis = 2.08, MValue = 2.48
-------------------- Histogram --------------------
[0.913 ms ; 0.938 ms) | @
[0.938 ms ; 0.966 ms) | @@@@@@@@
[0.966 ms ; 0.997 ms) | @@@@@@@@@@@@@@@@@@@@@@@@@
[0.997 ms ; 1.033 ms) | @@@@@@@@@@@@@
[1.033 ms ; 1.067 ms) | @@@@@@
[1.067 ms ; 1.102 ms) | @@@@@@@@@@@@
[1.102 ms ; 1.124 ms) | @
---------------------------------------------------

StringBenchmark.StringBuilderConcatenation: DefaultJob [Iterations=100000]
Runtime = .NET 10.0.12 (10.0.12, 10.0.1226.42308), X64 RyuJIT x86-64-v3; GC = Concurrent Workstation
Mean = 5.134 μs, StdErr = 0.022 μs (0.44%), N = 14, StdDev = 0.084 μs
Min = 5.018 μs, Q1 = 5.077 μs, Median = 5.109 μs, Q3 = 5.194 μs, Max = 5.328 μs
IQR = 0.117 μs, LowerFence = 4.902 μs, UpperFence = 5.370 μs
ConfidenceInterval = [5.039 μs; 5.229 μs] (CI 99.9%), Margin = 0.095 μs (1.84% of Mean)
Skewness = 0.76, Kurtosis = 2.61, MValue = 2
-------------------- Histogram --------------------
[4.972 μs ; 5.141 μs) | @@@@@@@@@
[5.141 μs ; 5.250 μs) | @@@@
[5.250 μs ; 5.374 μs) | @
---------------------------------------------------

// * Summary *

BenchmarkDotNet v0.15.8, Windows 11 (10.0.26200.8037/25H2/2025Update/HudsonValley2)
Intel Core i7-10510U CPU 1.80GHz (Max: 2.30GHz), 1 CPU, 8 logical and 4 physical cores
.NET SDK 10.0.302
  [Host]     : .NET 10.0.12 (10.0.12, 10.0.1226.42308), X64 RyuJIT x86-64-v3 [AttachedDebugger]
  DefaultJob : .NET 10.0.12 (10.0.12, 10.0.1226.42308), X64 RyuJIT x86-64-v3


| Method                     | Iterations | Mean         | Error      | StdDev     | Median       | Gen0      | Gen1   | Allocated   |
|--------------------------- |----------- |-------------:|-----------:|-----------:|-------------:|----------:|-------:|------------:|
| StringConcatenation        | 100        | 1,246.955 μs | 24.6463 μs | 47.4850 μs | 1,254.796 μs | 3820.3125 |      - | 15664.01 KB |
| StringBuilderConcatenation | 100        |     5.554 μs |  0.1105 μs |  0.3240 μs |     5.507 μs |   15.5411 | 1.2894 |    63.67 KB |
| StringConcatenation        | 1000       | 1,102.347 μs | 21.9525 μs | 49.0999 μs | 1,095.795 μs | 3820.3125 |      - | 15664.01 KB |
| StringBuilderConcatenation | 1000       |     5.196 μs |  0.0822 μs |  0.0769 μs |     5.193 μs |   15.5411 | 1.2894 |    63.67 KB |
| StringConcatenation        | 10000      | 1,055.714 μs | 21.0863 μs | 57.7234 μs | 1,041.973 μs | 3820.3125 |      - | 15664.01 KB |
| StringBuilderConcatenation | 10000      |     5.298 μs |  0.1044 μs |  0.1686 μs |     5.276 μs |   15.5411 | 1.2894 |    63.67 KB |
| StringConcatenation        | 100000     | 1,011.711 μs | 20.2138 μs | 47.6462 μs |   995.724 μs | 3820.3125 |      - | 15664.01 KB |
| StringBuilderConcatenation | 100000     |     5.134 μs |  0.0946 μs |  0.0839 μs |     5.109 μs |   15.5411 | 1.2894 |    63.67 KB |

// * Warnings *
Environment
  Summary -> Benchmark was executed with attached debugger

// * Hints *
Outliers
  StringBenchmark.StringConcatenation: Default        -> 4 outliers were removed (1.53 ms..1.98 ms)
  StringBenchmark.StringBuilderConcatenation: Default -> 2 outliers were removed (5.45 μs, 5.50 μs)
  StringBenchmark.StringConcatenation: Default        -> 11 outliers were removed (1.28 ms..1.61 ms)
  StringBenchmark.StringBuilderConcatenation: Default -> 2 outliers were removed (5.90 μs, 6.14 μs)
  StringBenchmark.StringBuilderConcatenation: Default -> 1 outlier  was  removed (5.50 μs)

// * Legends *
  Iterations : Value of the 'Iterations' parameter
  Mean       : Arithmetic mean of all measurements
  Error      : Half of 99.9% confidence interval
  StdDev     : Standard deviation of all measurements
  Median     : Value separating the higher half of all measurements (50th percentile)
  Gen0       : GC Generation 0 collects per 1000 operations
  Gen1       : GC Generation 1 collects per 1000 operations
  Allocated  : Allocated memory per single operation (managed only, inclusive, 1KB = 1024B)
  1 μs       : 1 Microsecond (0.000001 sec)

// * Diagnostic Output - MemoryDiagnoser *


// ***** BenchmarkRunner: End *****
Run time: 00:05:39 (339.36 sec), executed benchmarks: 8

Global total time: 00:05:48 (348.89 sec), executed benchmarks: 8
// * Artifacts cleanup *
Artifacts cleanup is finished
